// Jest Snapshot v1, https://goo.gl/fbAQLP

exports[`stories/components/attributes/AttributeEditor ActionMenuOpen play-test 1`] = `
Object {
  "checked": undefined,
  "children": Array [
    Object {
      "checked": undefined,
      "children": undefined,
      "name": "",
      "pressed": undefined,
      "role": "generic",
      "value": undefined,
    },
    Object {
      "checked": undefined,
      "children": Array [
        Object {
          "checked": undefined,
          "children": Array [
            Object {
              "checked": undefined,
              "children": undefined,
              "focused": true,
              "name": "attribute.insertBefore",
              "pressed": undefined,
              "role": "menuitem",
              "value": undefined,
            },
            Object {
              "checked": undefined,
              "children": undefined,
              "name": "attribute.insertAfter",
              "pressed": undefined,
              "role": "menuitem",
              "value": undefined,
            },
            Object {
              "checked": undefined,
              "children": undefined,
              "name": "attribute.deleteRow",
              "pressed": undefined,
              "role": "menuitem",
              "value": undefined,
            },
          ],
          "name": "",
          "orientation": "vertical",
          "pressed": undefined,
          "role": "menu",
          "value": undefined,
        },
      ],
      "name": "",
      "pressed": undefined,
      "role": "generic",
      "value": undefined,
    },
    Object {
      "checked": undefined,
      "children": undefined,
      "name": "",
      "pressed": undefined,
      "role": "generic",
      "value": undefined,
    },
  ],
  "name": "stories-components-attributes-attributeeditor--action-menu-open",
  "pressed": undefined,
  "role": "WebArea",
  "value": undefined,
}
`;

exports[`stories/components/attributes/AttributeEditor Default smoke-test 1`] = `
Object {
  "checked": undefined,
  "children": Array [
    Object {
      "checked": undefined,
      "children": undefined,
      "name": "Attribuutti",
      "pressed": undefined,
      "role": "text",
      "value": undefined,
    },
    Object {
      "checked": undefined,
      "children": undefined,
      "name": "value",
      "pressed": undefined,
      "role": "text",
      "value": undefined,
    },
    Object {
      "checked": undefined,
      "children": undefined,
      "name": "value",
      "pressed": undefined,
      "required": true,
      "role": "textbox",
      "value": "value3",
    },
    Object {
      "checked": undefined,
      "children": undefined,
      "name": "attribute.validFrom",
      "pressed": undefined,
      "role": "text",
      "value": undefined,
    },
    Object {
      "checked": undefined,
      "children": undefined,
      "description": "​",
      "name": "attribute.validFrom",
      "pressed": undefined,
      "required": true,
      "role": "textbox",
      "value": "1.1.2023",
    },
    Object {
      "checked": undefined,
      "children": undefined,
      "name": "Choose date, selected date is 1. tammi 2023",
      "pressed": undefined,
      "role": "button",
      "value": undefined,
    },
    Object {
      "checked": undefined,
      "children": undefined,
      "name": "​",
      "pressed": undefined,
      "role": "text",
      "value": undefined,
    },
    Object {
      "checked": undefined,
      "children": undefined,
      "name": "attribute.validUntil",
      "pressed": undefined,
      "role": "text",
      "value": undefined,
    },
    Object {
      "checked": undefined,
      "children": undefined,
      "description": "​",
      "name": "attribute.validUntil",
      "pressed": undefined,
      "role": "textbox",
      "value": undefined,
    },
    Object {
      "checked": undefined,
      "children": undefined,
      "name": "Choose date",
      "pressed": undefined,
      "role": "button",
      "value": undefined,
    },
    Object {
      "checked": undefined,
      "children": undefined,
      "name": "​",
      "pressed": undefined,
      "role": "text",
      "value": undefined,
    },
    Object {
      "checked": undefined,
      "children": undefined,
      "name": "attribute.actions value3, 1.1.2023 from_date_react",
      "pressed": undefined,
      "role": "button",
      "value": undefined,
    },
    Object {
      "checked": undefined,
      "children": undefined,
      "name": "value",
      "pressed": undefined,
      "role": "text",
      "value": undefined,
    },
    Object {
      "checked": undefined,
      "children": undefined,
      "name": "value",
      "pressed": undefined,
      "required": true,
      "role": "textbox",
      "value": "value2",
    },
    Object {
      "checked": undefined,
      "children": undefined,
      "name": "attribute.validFrom",
      "pressed": undefined,
      "role": "text",
      "value": undefined,
    },
    Object {
      "checked": undefined,
      "children": undefined,
      "description": "​",
      "name": "attribute.validFrom",
      "pressed": undefined,
      "required": true,
      "role": "textbox",
      "value": "1.1.2022",
    },
    Object {
      "checked": undefined,
      "children": undefined,
      "name": "Choose date, selected date is 1. tammi 2022",
      "pressed": undefined,
      "role": "button",
      "value": undefined,
    },
    Object {
      "checked": undefined,
      "children": undefined,
      "name": "​",
      "pressed": undefined,
      "role": "text",
      "value": undefined,
    },
    Object {
      "checked": undefined,
      "children": undefined,
      "name": "attribute.validUntil",
      "pressed": undefined,
      "role": "text",
      "value": undefined,
    },
    Object {
      "checked": undefined,
      "children": undefined,
      "description": "​",
      "name": "attribute.validUntil",
      "pressed": undefined,
      "role": "textbox",
      "value": "31.12.2022",
    },
    Object {
      "checked": undefined,
      "children": undefined,
      "name": "Choose date, selected date is 31. joulu 2022",
      "pressed": undefined,
      "role": "button",
      "value": undefined,
    },
    Object {
      "checked": undefined,
      "children": undefined,
      "name": "​",
      "pressed": undefined,
      "role": "text",
      "value": undefined,
    },
    Object {
      "checked": undefined,
      "children": undefined,
      "name": "attribute.actions value2, 1.1.2022 - 31.12.2022",
      "pressed": undefined,
      "role": "button",
      "value": undefined,
    },
    Object {
      "checked": undefined,
      "children": undefined,
      "name": "value",
      "pressed": undefined,
      "role": "text",
      "value": undefined,
    },
    Object {
      "checked": undefined,
      "children": undefined,
      "name": "value",
      "pressed": undefined,
      "required": true,
      "role": "textbox",
      "value": "value1",
    },
    Object {
      "checked": undefined,
      "children": undefined,
      "name": "attribute.validFrom",
      "pressed": undefined,
      "role": "text",
      "value": undefined,
    },
    Object {
      "checked": undefined,
      "children": undefined,
      "description": "​",
      "name": "attribute.validFrom",
      "pressed": undefined,
      "required": true,
      "role": "textbox",
      "value": undefined,
    },
    Object {
      "checked": undefined,
      "children": undefined,
      "name": "Choose date",
      "pressed": undefined,
      "role": "button",
      "value": undefined,
    },
    Object {
      "checked": undefined,
      "children": undefined,
      "name": "​",
      "pressed": undefined,
      "role": "text",
      "value": undefined,
    },
    Object {
      "checked": undefined,
      "children": undefined,
      "name": "attribute.validUntil",
      "pressed": undefined,
      "role": "text",
      "value": undefined,
    },
    Object {
      "checked": undefined,
      "children": undefined,
      "description": "​",
      "name": "attribute.validUntil",
      "pressed": undefined,
      "role": "textbox",
      "value": "31.12.2021",
    },
    Object {
      "checked": undefined,
      "children": undefined,
      "name": "Choose date, selected date is 31. joulu 2021",
      "pressed": undefined,
      "role": "button",
      "value": undefined,
    },
    Object {
      "checked": undefined,
      "children": undefined,
      "name": "​",
      "pressed": undefined,
      "role": "text",
      "value": undefined,
    },
    Object {
      "checked": undefined,
      "children": undefined,
      "name": "attribute.actions value1, 31.12.2021 until_date_react",
      "pressed": undefined,
      "role": "button",
      "value": undefined,
    },
  ],
  "name": "stories-components-attributes-attributeeditor--default",
  "pressed": undefined,
  "role": "WebArea",
  "value": undefined,
}
`;

exports[`stories/components/attributes/AttributeEditor DeletedRow smoke-test 1`] = `
Object {
  "checked": undefined,
  "children": Array [
    Object {
      "checked": undefined,
      "children": undefined,
      "name": "Attribuutti",
      "pressed": undefined,
      "role": "text",
      "value": undefined,
    },
    Object {
      "checked": undefined,
      "children": undefined,
      "name": "value",
      "pressed": undefined,
      "role": "text",
      "value": undefined,
    },
    Object {
      "checked": undefined,
      "children": undefined,
      "name": "value",
      "pressed": undefined,
      "required": true,
      "role": "textbox",
      "value": "value3",
    },
    Object {
      "checked": undefined,
      "children": undefined,
      "name": "attribute.validFrom",
      "pressed": undefined,
      "role": "text",
      "value": undefined,
    },
    Object {
      "checked": undefined,
      "children": undefined,
      "description": "​",
      "name": "attribute.validFrom",
      "pressed": undefined,
      "required": true,
      "role": "textbox",
      "value": "1.1.2023",
    },
    Object {
      "checked": undefined,
      "children": undefined,
      "name": "Choose date, selected date is 1. tammi 2023",
      "pressed": undefined,
      "role": "button",
      "value": undefined,
    },
    Object {
      "checked": undefined,
      "children": undefined,
      "name": "​",
      "pressed": undefined,
      "role": "text",
      "value": undefined,
    },
    Object {
      "checked": undefined,
      "children": undefined,
      "name": "attribute.validUntil",
      "pressed": undefined,
      "role": "text",
      "value": undefined,
    },
    Object {
      "checked": undefined,
      "children": undefined,
      "description": "​",
      "name": "attribute.validUntil",
      "pressed": undefined,
      "role": "textbox",
      "value": undefined,
    },
    Object {
      "checked": undefined,
      "children": undefined,
      "name": "Choose date",
      "pressed": undefined,
      "role": "button",
      "value": undefined,
    },
    Object {
      "checked": undefined,
      "children": undefined,
      "name": "​",
      "pressed": undefined,
      "role": "text",
      "value": undefined,
    },
    Object {
      "checked": undefined,
      "children": undefined,
      "name": "attribute.actions value3, 1.1.2023 from_date_react",
      "pressed": undefined,
      "role": "button",
      "value": undefined,
    },
    Object {
      "checked": undefined,
      "children": undefined,
      "name": "attribute.deleted",
      "pressed": undefined,
      "role": "text",
      "value": undefined,
    },
    Object {
      "checked": undefined,
      "children": undefined,
      "name": "attribute.undoDelete value2, 1.1.2022 - 31.12.2022",
      "pressed": undefined,
      "role": "button",
      "value": undefined,
    },
    Object {
      "checked": undefined,
      "children": undefined,
      "name": "value",
      "pressed": undefined,
      "role": "text",
      "value": undefined,
    },
    Object {
      "checked": undefined,
      "children": undefined,
      "name": "value",
      "pressed": undefined,
      "required": true,
      "role": "textbox",
      "value": "value1",
    },
    Object {
      "checked": undefined,
      "children": undefined,
      "name": "attribute.validFrom",
      "pressed": undefined,
      "role": "text",
      "value": undefined,
    },
    Object {
      "checked": undefined,
      "children": undefined,
      "description": "​",
      "name": "attribute.validFrom",
      "pressed": undefined,
      "required": true,
      "role": "textbox",
      "value": undefined,
    },
    Object {
      "checked": undefined,
      "children": undefined,
      "name": "Choose date",
      "pressed": undefined,
      "role": "button",
      "value": undefined,
    },
    Object {
      "checked": undefined,
      "children": undefined,
      "name": "​",
      "pressed": undefined,
      "role": "text",
      "value": undefined,
    },
    Object {
      "checked": undefined,
      "children": undefined,
      "name": "attribute.validUntil",
      "pressed": undefined,
      "role": "text",
      "value": undefined,
    },
    Object {
      "checked": undefined,
      "children": undefined,
      "description": "​",
      "name": "attribute.validUntil",
      "pressed": undefined,
      "role": "textbox",
      "value": "31.12.2021",
    },
    Object {
      "checked": undefined,
      "children": undefined,
      "name": "Choose date, selected date is 31. joulu 2021",
      "pressed": undefined,
      "role": "button",
      "value": undefined,
    },
    Object {
      "checked": undefined,
      "children": undefined,
      "name": "​",
      "pressed": undefined,
      "role": "text",
      "value": undefined,
    },
    Object {
      "checked": undefined,
      "children": undefined,
      "name": "attribute.actions value1, 31.12.2021 until_date_react",
      "pressed": undefined,
      "role": "button",
      "value": undefined,
    },
  ],
  "name": "stories-components-attributes-attributeeditor--deleted-row",
  "pressed": undefined,
  "role": "WebArea",
  "value": undefined,
}
`;

exports[`stories/components/attributes/AttributeEditor DeletedRowDisplayText play-test 1`] = `
Object {
  "checked": undefined,
  "children": Array [
    Object {
      "checked": undefined,
      "children": undefined,
      "name": "Attribuutti",
      "pressed": undefined,
      "role": "text",
      "value": undefined,
    },
    Object {
      "checked": undefined,
      "children": undefined,
      "name": "value",
      "pressed": undefined,
      "role": "text",
      "value": undefined,
    },
    Object {
      "checked": undefined,
      "children": undefined,
      "description": "​",
      "haspopup": "listbox",
      "name": "value pretium metus in pellentesque",
      "pressed": undefined,
      "role": "button",
      "value": undefined,
    },
    Object {
      "checked": undefined,
      "children": undefined,
      "name": "​",
      "pressed": undefined,
      "role": "text",
      "value": undefined,
    },
    Object {
      "checked": undefined,
      "children": undefined,
      "name": "attribute.validFrom",
      "pressed": undefined,
      "role": "text",
      "value": undefined,
    },
    Object {
      "checked": undefined,
      "children": undefined,
      "description": "​",
      "name": "attribute.validFrom",
      "pressed": undefined,
      "required": true,
      "role": "textbox",
      "value": "1.1.2023",
    },
    Object {
      "checked": undefined,
      "children": undefined,
      "name": "Choose date, selected date is 1. tammi 2023",
      "pressed": undefined,
      "role": "button",
      "value": undefined,
    },
    Object {
      "checked": undefined,
      "children": undefined,
      "name": "​",
      "pressed": undefined,
      "role": "text",
      "value": undefined,
    },
    Object {
      "checked": undefined,
      "children": undefined,
      "name": "attribute.validUntil",
      "pressed": undefined,
      "role": "text",
      "value": undefined,
    },
    Object {
      "checked": undefined,
      "children": undefined,
      "description": "​",
      "name": "attribute.validUntil",
      "pressed": undefined,
      "role": "textbox",
      "value": undefined,
    },
    Object {
      "checked": undefined,
      "children": undefined,
      "name": "Choose date",
      "pressed": undefined,
      "role": "button",
      "value": undefined,
    },
    Object {
      "checked": undefined,
      "children": undefined,
      "name": "​",
      "pressed": undefined,
      "role": "text",
      "value": undefined,
    },
    Object {
      "checked": undefined,
      "children": undefined,
      "name": "attribute.actions pretium metus in pellentesque, 1.1.2023 from_date_react",
      "pressed": undefined,
      "role": "button",
      "value": undefined,
    },
    Object {
      "checked": undefined,
      "children": undefined,
      "name": "attribute.deleted",
      "pressed": undefined,
      "role": "text",
      "value": undefined,
    },
    Object {
      "checked": undefined,
      "children": undefined,
      "name": "attribute.undoDelete interdum lectus, 1.1.2022 - 31.12.2022",
      "pressed": undefined,
      "role": "button",
      "value": undefined,
    },
    Object {
      "checked": undefined,
      "children": undefined,
      "name": "value",
      "pressed": undefined,
      "role": "text",
      "value": undefined,
    },
    Object {
      "checked": undefined,
      "children": undefined,
      "description": "​",
      "haspopup": "listbox",
      "name": "value praesent dictum",
      "pressed": undefined,
      "role": "button",
      "value": undefined,
    },
    Object {
      "checked": undefined,
      "children": undefined,
      "name": "​",
      "pressed": undefined,
      "role": "text",
      "value": undefined,
    },
    Object {
      "checked": undefined,
      "children": undefined,
      "name": "attribute.validFrom",
      "pressed": undefined,
      "role": "text",
      "value": undefined,
    },
    Object {
      "checked": undefined,
      "children": undefined,
      "description": "​",
      "name": "attribute.validFrom",
      "pressed": undefined,
      "required": true,
      "role": "textbox",
      "value": undefined,
    },
    Object {
      "checked": undefined,
      "children": undefined,
      "name": "Choose date",
      "pressed": undefined,
      "role": "button",
      "value": undefined,
    },
    Object {
      "checked": undefined,
      "children": undefined,
      "name": "​",
      "pressed": undefined,
      "role": "text",
      "value": undefined,
    },
    Object {
      "checked": undefined,
      "children": undefined,
      "name": "attribute.validUntil",
      "pressed": undefined,
      "role": "text",
      "value": undefined,
    },
    Object {
      "checked": undefined,
      "children": undefined,
      "description": "​",
      "name": "attribute.validUntil",
      "pressed": undefined,
      "role": "textbox",
      "value": "31.12.2021",
    },
    Object {
      "checked": undefined,
      "children": undefined,
      "name": "Choose date, selected date is 31. joulu 2021",
      "pressed": undefined,
      "role": "button",
      "value": undefined,
    },
    Object {
      "checked": undefined,
      "children": undefined,
      "name": "​",
      "pressed": undefined,
      "role": "text",
      "value": undefined,
    },
    Object {
      "checked": undefined,
      "children": undefined,
      "name": "attribute.actions praesent dictum, 31.12.2021 until_date_react",
      "pressed": undefined,
      "role": "button",
      "value": undefined,
    },
  ],
  "name": "stories-components-attributes-attributeeditor--deleted-row-display-text",
  "pressed": undefined,
  "role": "WebArea",
  "value": undefined,
}
`;

exports[`stories/components/attributes/AttributeEditor DropdownEditor smoke-test 1`] = `
Object {
  "checked": undefined,
  "children": Array [
    Object {
      "checked": undefined,
      "children": undefined,
      "name": "Attribuutti",
      "pressed": undefined,
      "role": "text",
      "value": undefined,
    },
    Object {
      "checked": undefined,
      "children": undefined,
      "name": "value",
      "pressed": undefined,
      "role": "text",
      "value": undefined,
    },
    Object {
      "checked": undefined,
      "children": undefined,
      "description": "​",
      "haspopup": "listbox",
      "name": "value pretium metus in pellentesque",
      "pressed": undefined,
      "role": "button",
      "value": undefined,
    },
    Object {
      "checked": undefined,
      "children": undefined,
      "name": "​",
      "pressed": undefined,
      "role": "text",
      "value": undefined,
    },
    Object {
      "checked": undefined,
      "children": undefined,
      "name": "attribute.validFrom",
      "pressed": undefined,
      "role": "text",
      "value": undefined,
    },
    Object {
      "checked": undefined,
      "children": undefined,
      "description": "​",
      "name": "attribute.validFrom",
      "pressed": undefined,
      "required": true,
      "role": "textbox",
      "value": "1.1.2023",
    },
    Object {
      "checked": undefined,
      "children": undefined,
      "name": "Choose date, selected date is 1. tammi 2023",
      "pressed": undefined,
      "role": "button",
      "value": undefined,
    },
    Object {
      "checked": undefined,
      "children": undefined,
      "name": "​",
      "pressed": undefined,
      "role": "text",
      "value": undefined,
    },
    Object {
      "checked": undefined,
      "children": undefined,
      "name": "attribute.validUntil",
      "pressed": undefined,
      "role": "text",
      "value": undefined,
    },
    Object {
      "checked": undefined,
      "children": undefined,
      "description": "​",
      "name": "attribute.validUntil",
      "pressed": undefined,
      "role": "textbox",
      "value": undefined,
    },
    Object {
      "checked": undefined,
      "children": undefined,
      "name": "Choose date",
      "pressed": undefined,
      "role": "button",
      "value": undefined,
    },
    Object {
      "checked": undefined,
      "children": undefined,
      "name": "​",
      "pressed": undefined,
      "role": "text",
      "value": undefined,
    },
    Object {
      "checked": undefined,
      "children": undefined,
      "name": "attribute.actions pretium metus in pellentesque, 1.1.2023 from_date_react",
      "pressed": undefined,
      "role": "button",
      "value": undefined,
    },
    Object {
      "checked": undefined,
      "children": undefined,
      "name": "value",
      "pressed": undefined,
      "role": "text",
      "value": undefined,
    },
    Object {
      "checked": undefined,
      "children": undefined,
      "description": "​",
      "haspopup": "listbox",
      "name": "value interdum lectus",
      "pressed": undefined,
      "role": "button",
      "value": undefined,
    },
    Object {
      "checked": undefined,
      "children": undefined,
      "name": "​",
      "pressed": undefined,
      "role": "text",
      "value": undefined,
    },
    Object {
      "checked": undefined,
      "children": undefined,
      "name": "attribute.validFrom",
      "pressed": undefined,
      "role": "text",
      "value": undefined,
    },
    Object {
      "checked": undefined,
      "children": undefined,
      "description": "​",
      "name": "attribute.validFrom",
      "pressed": undefined,
      "required": true,
      "role": "textbox",
      "value": "1.1.2022",
    },
    Object {
      "checked": undefined,
      "children": undefined,
      "name": "Choose date, selected date is 1. tammi 2022",
      "pressed": undefined,
      "role": "button",
      "value": undefined,
    },
    Object {
      "checked": undefined,
      "children": undefined,
      "name": "​",
      "pressed": undefined,
      "role": "text",
      "value": undefined,
    },
    Object {
      "checked": undefined,
      "children": undefined,
      "name": "attribute.validUntil",
      "pressed": undefined,
      "role": "text",
      "value": undefined,
    },
    Object {
      "checked": undefined,
      "children": undefined,
      "description": "​",
      "name": "attribute.validUntil",
      "pressed": undefined,
      "role": "textbox",
      "value": "31.12.2022",
    },
    Object {
      "checked": undefined,
      "children": undefined,
      "name": "Choose date, selected date is 31. joulu 2022",
      "pressed": undefined,
      "role": "button",
      "value": undefined,
    },
    Object {
      "checked": undefined,
      "children": undefined,
      "name": "​",
      "pressed": undefined,
      "role": "text",
      "value": undefined,
    },
    Object {
      "checked": undefined,
      "children": undefined,
      "name": "attribute.actions interdum lectus, 1.1.2022 - 31.12.2022",
      "pressed": undefined,
      "role": "button",
      "value": undefined,
    },
    Object {
      "checked": undefined,
      "children": undefined,
      "name": "value",
      "pressed": undefined,
      "role": "text",
      "value": undefined,
    },
    Object {
      "checked": undefined,
      "children": undefined,
      "description": "​",
      "haspopup": "listbox",
      "name": "value praesent dictum",
      "pressed": undefined,
      "role": "button",
      "value": undefined,
    },
    Object {
      "checked": undefined,
      "children": undefined,
      "name": "​",
      "pressed": undefined,
      "role": "text",
      "value": undefined,
    },
    Object {
      "checked": undefined,
      "children": undefined,
      "name": "attribute.validFrom",
      "pressed": undefined,
      "role": "text",
      "value": undefined,
    },
    Object {
      "checked": undefined,
      "children": undefined,
      "description": "​",
      "name": "attribute.validFrom",
      "pressed": undefined,
      "required": true,
      "role": "textbox",
      "value": undefined,
    },
    Object {
      "checked": undefined,
      "children": undefined,
      "name": "Choose date",
      "pressed": undefined,
      "role": "button",
      "value": undefined,
    },
    Object {
      "checked": undefined,
      "children": undefined,
      "name": "​",
      "pressed": undefined,
      "role": "text",
      "value": undefined,
    },
    Object {
      "checked": undefined,
      "children": undefined,
      "name": "attribute.validUntil",
      "pressed": undefined,
      "role": "text",
      "value": undefined,
    },
    Object {
      "checked": undefined,
      "children": undefined,
      "description": "​",
      "name": "attribute.validUntil",
      "pressed": undefined,
      "role": "textbox",
      "value": "31.12.2021",
    },
    Object {
      "checked": undefined,
      "children": undefined,
      "name": "Choose date, selected date is 31. joulu 2021",
      "pressed": undefined,
      "role": "button",
      "value": undefined,
    },
    Object {
      "checked": undefined,
      "children": undefined,
      "name": "​",
      "pressed": undefined,
      "role": "text",
      "value": undefined,
    },
    Object {
      "checked": undefined,
      "children": undefined,
      "name": "attribute.actions praesent dictum, 31.12.2021 until_date_react",
      "pressed": undefined,
      "role": "button",
      "value": undefined,
    },
  ],
  "name": "stories-components-attributes-attributeeditor--dropdown-editor",
  "pressed": undefined,
  "role": "WebArea",
  "value": undefined,
}
`;

exports[`stories/components/attributes/AttributeEditor Empty play-test 1`] = `
Object {
  "checked": undefined,
  "children": Array [
    Object {
      "checked": undefined,
      "children": undefined,
      "name": "Attribuutti",
      "pressed": undefined,
      "role": "text",
      "value": undefined,
    },
    Object {
      "checked": undefined,
      "children": undefined,
      "name": "value",
      "pressed": undefined,
      "role": "text",
      "value": undefined,
    },
    Object {
      "checked": undefined,
      "children": undefined,
      "name": "value",
      "pressed": undefined,
      "required": true,
      "role": "textbox",
      "value": undefined,
    },
    Object {
      "checked": undefined,
      "children": undefined,
      "name": "attribute.validFrom",
      "pressed": undefined,
      "role": "text",
      "value": undefined,
    },
    Object {
      "checked": undefined,
      "children": undefined,
      "description": "​",
      "name": "attribute.validFrom",
      "pressed": undefined,
      "required": true,
      "role": "textbox",
      "value": undefined,
    },
    Object {
      "checked": undefined,
      "children": undefined,
      "name": "Choose date",
      "pressed": undefined,
      "role": "button",
      "value": undefined,
    },
    Object {
      "checked": undefined,
      "children": undefined,
      "name": "​",
      "pressed": undefined,
      "role": "text",
      "value": undefined,
    },
    Object {
      "checked": undefined,
      "children": undefined,
      "name": "attribute.validUntil",
      "pressed": undefined,
      "role": "text",
      "value": undefined,
    },
    Object {
      "checked": undefined,
      "children": undefined,
      "description": "​",
      "name": "attribute.validUntil",
      "pressed": undefined,
      "role": "textbox",
      "value": undefined,
    },
    Object {
      "checked": undefined,
      "children": undefined,
      "name": "Choose date",
      "pressed": undefined,
      "role": "button",
      "value": undefined,
    },
    Object {
      "checked": undefined,
      "children": undefined,
      "name": "​",
      "pressed": undefined,
      "role": "text",
      "value": undefined,
    },
    Object {
      "checked": undefined,
      "children": undefined,
      "name": "attribute.actions not_specified",
      "pressed": undefined,
      "role": "button",
      "value": undefined,
    },
  ],
  "name": "stories-components-attributes-attributeeditor--empty",
  "pressed": undefined,
  "role": "WebArea",
  "value": undefined,
}
`;

exports[`stories/components/attributes/AttributeEditor InvalidDate play-test 1`] = `
Object {
  "checked": undefined,
  "children": Array [
    Object {
      "checked": undefined,
      "children": undefined,
      "name": "Attribuutti",
      "pressed": undefined,
      "role": "text",
      "value": undefined,
    },
    Object {
      "checked": undefined,
      "children": undefined,
      "name": "value",
      "pressed": undefined,
      "role": "text",
      "value": undefined,
    },
    Object {
      "checked": undefined,
      "children": undefined,
      "name": "value",
      "pressed": undefined,
      "required": true,
      "role": "textbox",
      "value": "value3",
    },
    Object {
      "checked": undefined,
      "children": undefined,
      "name": "attribute.validFrom",
      "pressed": undefined,
      "role": "text",
      "value": undefined,
    },
    Object {
      "checked": undefined,
      "children": undefined,
      "description": "invalidDate",
      "focused": true,
      "invalid": "true",
      "name": "attribute.validFrom",
      "pressed": undefined,
      "required": true,
      "role": "textbox",
      "value": "1.1.",
    },
    Object {
      "checked": undefined,
      "children": undefined,
      "name": "Choose date",
      "pressed": undefined,
      "role": "button",
      "value": undefined,
    },
    Object {
      "checked": undefined,
      "children": undefined,
      "name": "invalidDate",
      "pressed": undefined,
      "role": "text",
      "value": undefined,
    },
    Object {
      "checked": undefined,
      "children": undefined,
      "name": "attribute.validUntil",
      "pressed": undefined,
      "role": "text",
      "value": undefined,
    },
    Object {
      "checked": undefined,
      "children": undefined,
      "description": "​",
      "name": "attribute.validUntil",
      "pressed": undefined,
      "role": "textbox",
      "value": undefined,
    },
    Object {
      "checked": undefined,
      "children": undefined,
      "name": "Choose date",
      "pressed": undefined,
      "role": "button",
      "value": undefined,
    },
    Object {
      "checked": undefined,
      "children": undefined,
      "name": "​",
      "pressed": undefined,
      "role": "text",
      "value": undefined,
    },
    Object {
      "checked": undefined,
      "children": undefined,
      "name": "attribute.actions value3",
      "pressed": undefined,
      "role": "button",
      "value": undefined,
    },
    Object {
      "checked": undefined,
      "children": undefined,
      "name": "value",
      "pressed": undefined,
      "role": "text",
      "value": undefined,
    },
    Object {
      "checked": undefined,
      "children": undefined,
      "name": "value",
      "pressed": undefined,
      "required": true,
      "role": "textbox",
      "value": "value2",
    },
    Object {
      "checked": undefined,
      "children": undefined,
      "name": "attribute.validFrom",
      "pressed": undefined,
      "role": "text",
      "value": undefined,
    },
    Object {
      "checked": undefined,
      "children": undefined,
      "description": "​",
      "name": "attribute.validFrom",
      "pressed": undefined,
      "required": true,
      "role": "textbox",
      "value": "1.1.2022",
    },
    Object {
      "checked": undefined,
      "children": undefined,
      "name": "Choose date, selected date is 1. tammi 2022",
      "pressed": undefined,
      "role": "button",
      "value": undefined,
    },
    Object {
      "checked": undefined,
      "children": undefined,
      "name": "​",
      "pressed": undefined,
      "role": "text",
      "value": undefined,
    },
    Object {
      "checked": undefined,
      "children": undefined,
      "name": "attribute.validUntil",
      "pressed": undefined,
      "role": "text",
      "value": undefined,
    },
    Object {
      "checked": undefined,
      "children": undefined,
      "description": "​",
      "name": "attribute.validUntil",
      "pressed": undefined,
      "role": "textbox",
      "value": "31.12.2022",
    },
    Object {
      "checked": undefined,
      "children": undefined,
      "name": "Choose date, selected date is 31. joulu 2022",
      "pressed": undefined,
      "role": "button",
      "value": undefined,
    },
    Object {
      "checked": undefined,
      "children": undefined,
      "name": "​",
      "pressed": undefined,
      "role": "text",
      "value": undefined,
    },
    Object {
      "checked": undefined,
      "children": undefined,
      "name": "attribute.actions value2, 1.1.2022 - 31.12.2022",
      "pressed": undefined,
      "role": "button",
      "value": undefined,
    },
    Object {
      "checked": undefined,
      "children": undefined,
      "name": "value",
      "pressed": undefined,
      "role": "text",
      "value": undefined,
    },
    Object {
      "checked": undefined,
      "children": undefined,
      "name": "value",
      "pressed": undefined,
      "required": true,
      "role": "textbox",
      "value": "value1",
    },
    Object {
      "checked": undefined,
      "children": undefined,
      "name": "attribute.validFrom",
      "pressed": undefined,
      "role": "text",
      "value": undefined,
    },
    Object {
      "checked": undefined,
      "children": undefined,
      "description": "​",
      "name": "attribute.validFrom",
      "pressed": undefined,
      "required": true,
      "role": "textbox",
      "value": undefined,
    },
    Object {
      "checked": undefined,
      "children": undefined,
      "name": "Choose date",
      "pressed": undefined,
      "role": "button",
      "value": undefined,
    },
    Object {
      "checked": undefined,
      "children": undefined,
      "name": "​",
      "pressed": undefined,
      "role": "text",
      "value": undefined,
    },
    Object {
      "checked": undefined,
      "children": undefined,
      "name": "attribute.validUntil",
      "pressed": undefined,
      "role": "text",
      "value": undefined,
    },
    Object {
      "checked": undefined,
      "children": undefined,
      "description": "​",
      "name": "attribute.validUntil",
      "pressed": undefined,
      "role": "textbox",
      "value": "31.12.2021",
    },
    Object {
      "checked": undefined,
      "children": undefined,
      "name": "Choose date, selected date is 31. joulu 2021",
      "pressed": undefined,
      "role": "button",
      "value": undefined,
    },
    Object {
      "checked": undefined,
      "children": undefined,
      "name": "​",
      "pressed": undefined,
      "role": "text",
      "value": undefined,
    },
    Object {
      "checked": undefined,
      "children": undefined,
      "name": "attribute.actions value1, 31.12.2021 until_date_react",
      "pressed": undefined,
      "role": "button",
      "value": undefined,
    },
  ],
  "name": "stories-components-attributes-attributeeditor--invalid-date",
  "pressed": undefined,
  "role": "WebArea",
  "value": undefined,
}
`;

exports[`stories/components/attributes/AttributeEditor ValueRequired play-test 1`] = `
Object {
  "checked": undefined,
  "children": Array [
    Object {
      "checked": undefined,
      "children": undefined,
      "name": "Attribuutti",
      "pressed": undefined,
      "role": "text",
      "value": undefined,
    },
    Object {
      "checked": undefined,
      "children": undefined,
      "name": "value",
      "pressed": undefined,
      "role": "text",
      "value": undefined,
    },
    Object {
      "checked": undefined,
      "children": undefined,
      "description": "attribute.required 0 / 250",
      "focused": true,
      "invalid": "true",
      "name": "value",
      "pressed": undefined,
      "required": true,
      "role": "textbox",
      "value": undefined,
    },
    Object {
      "checked": undefined,
      "children": undefined,
      "name": "attribute.required",
      "pressed": undefined,
      "role": "text",
      "value": undefined,
    },
    Object {
      "checked": undefined,
      "children": undefined,
      "name": "0 / 250",
      "pressed": undefined,
      "role": "text",
      "value": undefined,
    },
    Object {
      "checked": undefined,
      "children": undefined,
      "name": "attribute.validFrom",
      "pressed": undefined,
      "role": "text",
      "value": undefined,
    },
    Object {
      "checked": undefined,
      "children": undefined,
      "description": "​",
      "name": "attribute.validFrom",
      "pressed": undefined,
      "required": true,
      "role": "textbox",
      "value": "1.1.2023",
    },
    Object {
      "checked": undefined,
      "children": undefined,
      "name": "Choose date, selected date is 1. tammi 2023",
      "pressed": undefined,
      "role": "button",
      "value": undefined,
    },
    Object {
      "checked": undefined,
      "children": undefined,
      "name": "​",
      "pressed": undefined,
      "role": "text",
      "value": undefined,
    },
    Object {
      "checked": undefined,
      "children": undefined,
      "name": "attribute.validUntil",
      "pressed": undefined,
      "role": "text",
      "value": undefined,
    },
    Object {
      "checked": undefined,
      "children": undefined,
      "description": "​",
      "name": "attribute.validUntil",
      "pressed": undefined,
      "role": "textbox",
      "value": undefined,
    },
    Object {
      "checked": undefined,
      "children": undefined,
      "name": "Choose date",
      "pressed": undefined,
      "role": "button",
      "value": undefined,
    },
    Object {
      "checked": undefined,
      "children": undefined,
      "name": "​",
      "pressed": undefined,
      "role": "text",
      "value": undefined,
    },
    Object {
      "checked": undefined,
      "children": undefined,
      "name": "attribute.actions 1.1.2023 from_date_react",
      "pressed": undefined,
      "role": "button",
      "value": undefined,
    },
    Object {
      "checked": undefined,
      "children": undefined,
      "name": "value",
      "pressed": undefined,
      "role": "text",
      "value": undefined,
    },
    Object {
      "checked": undefined,
      "children": undefined,
      "name": "value",
      "pressed": undefined,
      "required": true,
      "role": "textbox",
      "value": "value2",
    },
    Object {
      "checked": undefined,
      "children": undefined,
      "name": "attribute.validFrom",
      "pressed": undefined,
      "role": "text",
      "value": undefined,
    },
    Object {
      "checked": undefined,
      "children": undefined,
      "description": "​",
      "name": "attribute.validFrom",
      "pressed": undefined,
      "required": true,
      "role": "textbox",
      "value": "1.1.2022",
    },
    Object {
      "checked": undefined,
      "children": undefined,
      "name": "Choose date, selected date is 1. tammi 2022",
      "pressed": undefined,
      "role": "button",
      "value": undefined,
    },
    Object {
      "checked": undefined,
      "children": undefined,
      "name": "​",
      "pressed": undefined,
      "role": "text",
      "value": undefined,
    },
    Object {
      "checked": undefined,
      "children": undefined,
      "name": "attribute.validUntil",
      "pressed": undefined,
      "role": "text",
      "value": undefined,
    },
    Object {
      "checked": undefined,
      "children": undefined,
      "description": "​",
      "name": "attribute.validUntil",
      "pressed": undefined,
      "role": "textbox",
      "value": "31.12.2022",
    },
    Object {
      "checked": undefined,
      "children": undefined,
      "name": "Choose date, selected date is 31. joulu 2022",
      "pressed": undefined,
      "role": "button",
      "value": undefined,
    },
    Object {
      "checked": undefined,
      "children": undefined,
      "name": "​",
      "pressed": undefined,
      "role": "text",
      "value": undefined,
    },
    Object {
      "checked": undefined,
      "children": undefined,
      "name": "attribute.actions value2, 1.1.2022 - 31.12.2022",
      "pressed": undefined,
      "role": "button",
      "value": undefined,
    },
    Object {
      "checked": undefined,
      "children": undefined,
      "name": "value",
      "pressed": undefined,
      "role": "text",
      "value": undefined,
    },
    Object {
      "checked": undefined,
      "children": undefined,
      "name": "value",
      "pressed": undefined,
      "required": true,
      "role": "textbox",
      "value": "value1",
    },
    Object {
      "checked": undefined,
      "children": undefined,
      "name": "attribute.validFrom",
      "pressed": undefined,
      "role": "text",
      "value": undefined,
    },
    Object {
      "checked": undefined,
      "children": undefined,
      "description": "​",
      "name": "attribute.validFrom",
      "pressed": undefined,
      "required": true,
      "role": "textbox",
      "value": undefined,
    },
    Object {
      "checked": undefined,
      "children": undefined,
      "name": "Choose date",
      "pressed": undefined,
      "role": "button",
      "value": undefined,
    },
    Object {
      "checked": undefined,
      "children": undefined,
      "name": "​",
      "pressed": undefined,
      "role": "text",
      "value": undefined,
    },
    Object {
      "checked": undefined,
      "children": undefined,
      "name": "attribute.validUntil",
      "pressed": undefined,
      "role": "text",
      "value": undefined,
    },
    Object {
      "checked": undefined,
      "children": undefined,
      "description": "​",
      "name": "attribute.validUntil",
      "pressed": undefined,
      "role": "textbox",
      "value": "31.12.2021",
    },
    Object {
      "checked": undefined,
      "children": undefined,
      "name": "Choose date, selected date is 31. joulu 2021",
      "pressed": undefined,
      "role": "button",
      "value": undefined,
    },
    Object {
      "checked": undefined,
      "children": undefined,
      "name": "​",
      "pressed": undefined,
      "role": "text",
      "value": undefined,
    },
    Object {
      "checked": undefined,
      "children": undefined,
      "name": "attribute.actions value1, 31.12.2021 until_date_react",
      "pressed": undefined,
      "role": "button",
      "value": undefined,
    },
  ],
  "name": "stories-components-attributes-attributeeditor--value-required",
  "pressed": undefined,
  "role": "WebArea",
  "value": undefined,
}
`;
