// Jest Snapshot v1, https://goo.gl/fbAQLP

exports[`stories/components/inputs/NodeField NodeField smoke-test 1`] = `
Object {
  "checked": undefined,
  "children": Array [
    Object {
      "checked": undefined,
      "children": undefined,
      "name": "Yksikkö",
      "pressed": undefined,
      "role": "text",
      "value": undefined,
    },
    Object {
      "autocomplete": "list",
      "checked": undefined,
      "children": undefined,
      "haspopup": "listbox",
      "name": "Yksikkö",
      "pressed": undefined,
      "role": "combobox",
      "value": undefined,
    },
    Object {
      "checked": undefined,
      "children": undefined,
      "description": "Avaa",
      "name": "Avaa",
      "pressed": undefined,
      "role": "button",
      "value": undefined,
    },
  ],
  "name": "stories-components-inputs-nodefield--node-field",
  "pressed": undefined,
  "role": "WebArea",
  "value": undefined,
}
`;
