// Jest Snapshot v1, https://goo.gl/fbAQLP

exports[`stories/components/nodeDetails/NameSection Default play-test 1`] = `
Object {
  "checked": undefined,
  "children": Array [
    Object {
      "checked": undefined,
      "children": undefined,
      "expanded": true,
      "name": "Nimitiedot",
      "pressed": undefined,
      "role": "button",
      "value": undefined,
    },
    Object {
      "checked": undefined,
      "children": undefined,
      "name": "Muokkaa",
      "pressed": undefined,
      "role": "button",
      "value": undefined,
    },
    Object {
      "checked": undefined,
      "children": undefined,
      "name": "Kieli",
      "pressed": undefined,
      "role": "text",
      "value": undefined,
    },
    Object {
      "checked": undefined,
      "children": undefined,
      "name": "Nimi",
      "pressed": undefined,
      "role": "text",
      "value": undefined,
    },
    Object {
      "checked": undefined,
      "children": undefined,
      "name": "Voimassaolo",
      "pressed": undefined,
      "role": "text",
      "value": undefined,
    },
    Object {
      "checked": undefined,
      "children": undefined,
      "name": "Suomeksi",
      "pressed": undefined,
      "role": "text",
      "value": undefined,
    },
    Object {
      "checked": undefined,
      "children": undefined,
      "name": "Tietotekniikkaratkaisut 3",
      "pressed": undefined,
      "role": "text",
      "value": undefined,
    },
    Object {
      "checked": undefined,
      "children": undefined,
      "name": "1.1.2023 alkaen",
      "pressed": undefined,
      "role": "text",
      "value": undefined,
    },
    Object {
      "checked": undefined,
      "children": undefined,
      "name": "Ruotsiksi",
      "pressed": undefined,
      "role": "text",
      "value": undefined,
    },
    Object {
      "checked": undefined,
      "children": undefined,
      "name": "Datatekniklösningar",
      "pressed": undefined,
      "role": "text",
      "value": undefined,
    },
    Object {
      "checked": undefined,
      "children": undefined,
      "name": "1.1.1970 alkaen",
      "pressed": undefined,
      "role": "text",
      "value": undefined,
    },
    Object {
      "checked": undefined,
      "children": undefined,
      "name": "Englanniksi",
      "pressed": undefined,
      "role": "text",
      "value": undefined,
    },
    Object {
      "checked": undefined,
      "children": undefined,
      "name": "IT Solutions 3",
      "pressed": undefined,
      "role": "text",
      "value": undefined,
    },
    Object {
      "checked": undefined,
      "children": undefined,
      "name": "1.1.2023 alkaen",
      "pressed": undefined,
      "role": "text",
      "value": undefined,
    },
  ],
  "name": "stories-components-nodedetails-namesection--default",
  "pressed": undefined,
  "role": "WebArea",
  "value": undefined,
}
`;

exports[`stories/components/nodeDetails/NameSection EditMode play-test 1`] = `
Object {
  "checked": undefined,
  "children": Array [
    Object {
      "checked": undefined,
      "children": undefined,
      "expanded": true,
      "name": "Nimitiedot",
      "pressed": undefined,
      "role": "button",
      "value": undefined,
    },
    Object {
      "checked": undefined,
      "children": undefined,
      "name": "Suomeksi",
      "pressed": undefined,
      "role": "text",
      "value": undefined,
    },
    Object {
      "checked": undefined,
      "children": undefined,
      "name": "Arvo",
      "pressed": undefined,
      "role": "text",
      "value": undefined,
    },
    Object {
      "checked": undefined,
      "children": undefined,
      "name": "Arvo",
      "pressed": undefined,
      "required": true,
      "role": "textbox",
      "value": "Tietotekniikkaratkaisut 3",
    },
    Object {
      "checked": undefined,
      "children": undefined,
      "name": "Voimassaolo alkaa",
      "pressed": undefined,
      "role": "text",
      "value": undefined,
    },
    Object {
      "checked": undefined,
      "children": undefined,
      "name": "Voimassaolo alkaa",
      "pressed": undefined,
      "required": true,
      "role": "textbox",
      "value": "1.1.2023",
    },
    Object {
      "checked": undefined,
      "children": undefined,
      "name": "Choose date, selected date is 1. tammi 2023",
      "pressed": undefined,
      "role": "button",
      "value": undefined,
    },
    Object {
      "checked": undefined,
      "children": undefined,
      "name": "Voimassaolo päättyy",
      "pressed": undefined,
      "role": "text",
      "value": undefined,
    },
    Object {
      "checked": undefined,
      "children": undefined,
      "name": "Voimassaolo päättyy",
      "pressed": undefined,
      "role": "textbox",
      "value": undefined,
    },
    Object {
      "checked": undefined,
      "children": undefined,
      "name": "Choose date",
      "pressed": undefined,
      "role": "button",
      "value": undefined,
    },
    Object {
      "checked": undefined,
      "children": undefined,
      "name": "Toiminnot Tietotekniikkaratkaisut 3, 1.1.2023 alkaen",
      "pressed": undefined,
      "role": "button",
      "value": undefined,
    },
    Object {
      "checked": undefined,
      "children": undefined,
      "name": "Arvo",
      "pressed": undefined,
      "role": "text",
      "value": undefined,
    },
    Object {
      "checked": undefined,
      "children": undefined,
      "name": "Arvo",
      "pressed": undefined,
      "required": true,
      "role": "textbox",
      "value": "Tietotekniikkaratkaisut 2",
    },
    Object {
      "checked": undefined,
      "children": undefined,
      "name": "Voimassaolo alkaa",
      "pressed": undefined,
      "role": "text",
      "value": undefined,
    },
    Object {
      "checked": undefined,
      "children": undefined,
      "name": "Voimassaolo alkaa",
      "pressed": undefined,
      "required": true,
      "role": "textbox",
      "value": "1.1.2000",
    },
    Object {
      "checked": undefined,
      "children": undefined,
      "name": "Choose date, selected date is 1. tammi 2000",
      "pressed": undefined,
      "role": "button",
      "value": undefined,
    },
    Object {
      "checked": undefined,
      "children": undefined,
      "name": "Voimassaolo päättyy",
      "pressed": undefined,
      "role": "text",
      "value": undefined,
    },
    Object {
      "checked": undefined,
      "children": undefined,
      "name": "Voimassaolo päättyy",
      "pressed": undefined,
      "role": "textbox",
      "value": "31.12.2022",
    },
    Object {
      "checked": undefined,
      "children": undefined,
      "name": "Choose date, selected date is 31. joulu 2022",
      "pressed": undefined,
      "role": "button",
      "value": undefined,
    },
    Object {
      "checked": undefined,
      "children": undefined,
      "name": "Toiminnot Tietotekniikkaratkaisut 2, 1.1.2000 - 31.12.2022",
      "pressed": undefined,
      "role": "button",
      "value": undefined,
    },
    Object {
      "checked": undefined,
      "children": undefined,
      "name": "Arvo",
      "pressed": undefined,
      "role": "text",
      "value": undefined,
    },
    Object {
      "checked": undefined,
      "children": undefined,
      "name": "Arvo",
      "pressed": undefined,
      "required": true,
      "role": "textbox",
      "value": "Tietotekniikkaratkaisut 1",
    },
    Object {
      "checked": undefined,
      "children": undefined,
      "name": "Voimassaolo alkaa",
      "pressed": undefined,
      "role": "text",
      "value": undefined,
    },
    Object {
      "checked": undefined,
      "children": undefined,
      "name": "Voimassaolo alkaa",
      "pressed": undefined,
      "required": true,
      "role": "textbox",
      "value": "1.1.1970",
    },
    Object {
      "checked": undefined,
      "children": undefined,
      "name": "Choose date, selected date is 1. tammi 1970",
      "pressed": undefined,
      "role": "button",
      "value": undefined,
    },
    Object {
      "checked": undefined,
      "children": undefined,
      "name": "Voimassaolo päättyy",
      "pressed": undefined,
      "role": "text",
      "value": undefined,
    },
    Object {
      "checked": undefined,
      "children": undefined,
      "name": "Voimassaolo päättyy",
      "pressed": undefined,
      "role": "textbox",
      "value": "31.12.1999",
    },
    Object {
      "checked": undefined,
      "children": undefined,
      "name": "Choose date, selected date is 31. joulu 1999",
      "pressed": undefined,
      "role": "button",
      "value": undefined,
    },
    Object {
      "checked": undefined,
      "children": undefined,
      "name": "Toiminnot Tietotekniikkaratkaisut 1, 1.1.1970 - 31.12.1999",
      "pressed": undefined,
      "role": "button",
      "value": undefined,
    },
    Object {
      "checked": undefined,
      "children": undefined,
      "name": "Ruotsiksi",
      "pressed": undefined,
      "role": "text",
      "value": undefined,
    },
    Object {
      "checked": undefined,
      "children": undefined,
      "name": "Arvo",
      "pressed": undefined,
      "role": "text",
      "value": undefined,
    },
    Object {
      "checked": undefined,
      "children": undefined,
      "name": "Arvo",
      "pressed": undefined,
      "required": true,
      "role": "textbox",
      "value": "Datatekniklösningar",
    },
    Object {
      "checked": undefined,
      "children": undefined,
      "name": "Voimassaolo alkaa",
      "pressed": undefined,
      "role": "text",
      "value": undefined,
    },
    Object {
      "checked": undefined,
      "children": undefined,
      "name": "Voimassaolo alkaa",
      "pressed": undefined,
      "required": true,
      "role": "textbox",
      "value": "1.1.1970",
    },
    Object {
      "checked": undefined,
      "children": undefined,
      "name": "Choose date, selected date is 1. tammi 1970",
      "pressed": undefined,
      "role": "button",
      "value": undefined,
    },
    Object {
      "checked": undefined,
      "children": undefined,
      "name": "Voimassaolo päättyy",
      "pressed": undefined,
      "role": "text",
      "value": undefined,
    },
    Object {
      "checked": undefined,
      "children": undefined,
      "name": "Voimassaolo päättyy",
      "pressed": undefined,
      "role": "textbox",
      "value": undefined,
    },
    Object {
      "checked": undefined,
      "children": undefined,
      "name": "Choose date",
      "pressed": undefined,
      "role": "button",
      "value": undefined,
    },
    Object {
      "checked": undefined,
      "children": undefined,
      "name": "Toiminnot Datatekniklösningar, 1.1.1970 alkaen",
      "pressed": undefined,
      "role": "button",
      "value": undefined,
    },
    Object {
      "checked": undefined,
      "children": undefined,
      "name": "Englanniksi",
      "pressed": undefined,
      "role": "text",
      "value": undefined,
    },
    Object {
      "checked": undefined,
      "children": undefined,
      "name": "Arvo",
      "pressed": undefined,
      "role": "text",
      "value": undefined,
    },
    Object {
      "checked": undefined,
      "children": undefined,
      "name": "Arvo",
      "pressed": undefined,
      "required": true,
      "role": "textbox",
      "value": "IT Solutions 3",
    },
    Object {
      "checked": undefined,
      "children": undefined,
      "name": "Voimassaolo alkaa",
      "pressed": undefined,
      "role": "text",
      "value": undefined,
    },
    Object {
      "checked": undefined,
      "children": undefined,
      "name": "Voimassaolo alkaa",
      "pressed": undefined,
      "required": true,
      "role": "textbox",
      "value": "1.1.2023",
    },
    Object {
      "checked": undefined,
      "children": undefined,
      "name": "Choose date, selected date is 1. tammi 2023",
      "pressed": undefined,
      "role": "button",
      "value": undefined,
    },
    Object {
      "checked": undefined,
      "children": undefined,
      "name": "Voimassaolo päättyy",
      "pressed": undefined,
      "role": "text",
      "value": undefined,
    },
    Object {
      "checked": undefined,
      "children": undefined,
      "name": "Voimassaolo päättyy",
      "pressed": undefined,
      "role": "textbox",
      "value": undefined,
    },
    Object {
      "checked": undefined,
      "children": undefined,
      "name": "Choose date",
      "pressed": undefined,
      "role": "button",
      "value": undefined,
    },
    Object {
      "checked": undefined,
      "children": undefined,
      "name": "Toiminnot IT Solutions 3, 1.1.2023 alkaen",
      "pressed": undefined,
      "role": "button",
      "value": undefined,
    },
    Object {
      "checked": undefined,
      "children": undefined,
      "name": "Arvo",
      "pressed": undefined,
      "role": "text",
      "value": undefined,
    },
    Object {
      "checked": undefined,
      "children": undefined,
      "name": "Arvo",
      "pressed": undefined,
      "required": true,
      "role": "textbox",
      "value": "IT Solutions 2",
    },
    Object {
      "checked": undefined,
      "children": undefined,
      "name": "Voimassaolo alkaa",
      "pressed": undefined,
      "role": "text",
      "value": undefined,
    },
    Object {
      "checked": undefined,
      "children": undefined,
      "name": "Voimassaolo alkaa",
      "pressed": undefined,
      "required": true,
      "role": "textbox",
      "value": "1.1.2000",
    },
    Object {
      "checked": undefined,
      "children": undefined,
      "name": "Choose date, selected date is 1. tammi 2000",
      "pressed": undefined,
      "role": "button",
      "value": undefined,
    },
    Object {
      "checked": undefined,
      "children": undefined,
      "name": "Voimassaolo päättyy",
      "pressed": undefined,
      "role": "text",
      "value": undefined,
    },
    Object {
      "checked": undefined,
      "children": undefined,
      "name": "Voimassaolo päättyy",
      "pressed": undefined,
      "role": "textbox",
      "value": "31.12.2022",
    },
    Object {
      "checked": undefined,
      "children": undefined,
      "name": "Choose date, selected date is 31. joulu 2022",
      "pressed": undefined,
      "role": "button",
      "value": undefined,
    },
    Object {
      "checked": undefined,
      "children": undefined,
      "name": "Toiminnot IT Solutions 2, 1.1.2000 - 31.12.2022",
      "pressed": undefined,
      "role": "button",
      "value": undefined,
    },
    Object {
      "checked": undefined,
      "children": undefined,
      "name": "Arvo",
      "pressed": undefined,
      "role": "text",
      "value": undefined,
    },
    Object {
      "checked": undefined,
      "children": undefined,
      "name": "Arvo",
      "pressed": undefined,
      "required": true,
      "role": "textbox",
      "value": "IT Solutions 1",
    },
    Object {
      "checked": undefined,
      "children": undefined,
      "name": "Voimassaolo alkaa",
      "pressed": undefined,
      "role": "text",
      "value": undefined,
    },
    Object {
      "checked": undefined,
      "children": undefined,
      "name": "Voimassaolo alkaa",
      "pressed": undefined,
      "required": true,
      "role": "textbox",
      "value": "1.1.1970",
    },
    Object {
      "checked": undefined,
      "children": undefined,
      "name": "Choose date, selected date is 1. tammi 1970",
      "pressed": undefined,
      "role": "button",
      "value": undefined,
    },
    Object {
      "checked": undefined,
      "children": undefined,
      "name": "Voimassaolo päättyy",
      "pressed": undefined,
      "role": "text",
      "value": undefined,
    },
    Object {
      "checked": undefined,
      "children": undefined,
      "name": "Voimassaolo päättyy",
      "pressed": undefined,
      "role": "textbox",
      "value": "31.12.1999",
    },
    Object {
      "checked": undefined,
      "children": undefined,
      "name": "Choose date, selected date is 31. joulu 1999",
      "pressed": undefined,
      "role": "button",
      "value": undefined,
    },
    Object {
      "checked": undefined,
      "children": undefined,
      "name": "Toiminnot IT Solutions 1, 1.1.1970 - 31.12.1999",
      "pressed": undefined,
      "role": "button",
      "value": undefined,
    },
    Object {
      "checked": undefined,
      "children": undefined,
      "name": "Peruuta",
      "pressed": undefined,
      "role": "button",
      "value": undefined,
    },
    Object {
      "checked": undefined,
      "children": undefined,
      "disabled": true,
      "name": "Tallenna",
      "pressed": undefined,
      "role": "button",
      "value": undefined,
    },
  ],
  "name": "stories-components-nodedetails-namesection--edit-mode",
  "pressed": undefined,
  "role": "WebArea",
  "value": undefined,
}
`;

exports[`stories/components/nodeDetails/NameSection Empty play-test 1`] = `
Object {
  "checked": undefined,
  "children": Array [
    Object {
      "checked": undefined,
      "children": undefined,
      "name": "Nimitiedot",
      "pressed": undefined,
      "role": "button",
      "value": undefined,
    },
  ],
  "name": "stories-components-nodedetails-namesection--empty",
  "pressed": undefined,
  "role": "WebArea",
  "value": undefined,
}
`;

exports[`stories/components/nodeDetails/NameSection Modified play-test 1`] = `
Object {
  "checked": undefined,
  "children": Array [
    Object {
      "checked": undefined,
      "children": undefined,
      "disabled": true,
      "expanded": true,
      "name": "NimitiedotMuokattu, tallenna muutokset ennen sulkemista",
      "pressed": undefined,
      "role": "button",
      "value": undefined,
    },
    Object {
      "checked": undefined,
      "children": undefined,
      "name": "Suomeksi",
      "pressed": undefined,
      "role": "text",
      "value": undefined,
    },
    Object {
      "checked": undefined,
      "children": undefined,
      "name": "Arvo",
      "pressed": undefined,
      "role": "text",
      "value": undefined,
    },
    Object {
      "checked": undefined,
      "children": undefined,
      "name": "Arvo",
      "pressed": undefined,
      "required": true,
      "role": "textbox",
      "value": "Tietotekniikkaratkaisut 3",
    },
    Object {
      "checked": undefined,
      "children": undefined,
      "name": "Voimassaolo alkaa",
      "pressed": undefined,
      "role": "text",
      "value": undefined,
    },
    Object {
      "checked": undefined,
      "children": undefined,
      "name": "Voimassaolo alkaa",
      "pressed": undefined,
      "required": true,
      "role": "textbox",
      "value": "1.1.2023",
    },
    Object {
      "checked": undefined,
      "children": undefined,
      "name": "Choose date, selected date is 1. tammi 2023",
      "pressed": undefined,
      "role": "button",
      "value": undefined,
    },
    Object {
      "checked": undefined,
      "children": undefined,
      "name": "Voimassaolo päättyy",
      "pressed": undefined,
      "role": "text",
      "value": undefined,
    },
    Object {
      "checked": undefined,
      "children": undefined,
      "focused": true,
      "name": "Voimassaolo päättyy",
      "pressed": undefined,
      "role": "textbox",
      "value": "31.12.2023",
    },
    Object {
      "checked": undefined,
      "children": undefined,
      "name": "Choose date, selected date is 31. joulu 2023",
      "pressed": undefined,
      "role": "button",
      "value": undefined,
    },
    Object {
      "checked": undefined,
      "children": undefined,
      "name": "Toiminnot Tietotekniikkaratkaisut 3, 1.1.2023 - 31.12.2023",
      "pressed": undefined,
      "role": "button",
      "value": undefined,
    },
    Object {
      "checked": undefined,
      "children": undefined,
      "name": "Arvo",
      "pressed": undefined,
      "role": "text",
      "value": undefined,
    },
    Object {
      "checked": undefined,
      "children": undefined,
      "name": "Arvo",
      "pressed": undefined,
      "required": true,
      "role": "textbox",
      "value": "Tietotekniikkaratkaisut 2",
    },
    Object {
      "checked": undefined,
      "children": undefined,
      "name": "Voimassaolo alkaa",
      "pressed": undefined,
      "role": "text",
      "value": undefined,
    },
    Object {
      "checked": undefined,
      "children": undefined,
      "name": "Voimassaolo alkaa",
      "pressed": undefined,
      "required": true,
      "role": "textbox",
      "value": "1.1.2000",
    },
    Object {
      "checked": undefined,
      "children": undefined,
      "name": "Choose date, selected date is 1. tammi 2000",
      "pressed": undefined,
      "role": "button",
      "value": undefined,
    },
    Object {
      "checked": undefined,
      "children": undefined,
      "name": "Voimassaolo päättyy",
      "pressed": undefined,
      "role": "text",
      "value": undefined,
    },
    Object {
      "checked": undefined,
      "children": undefined,
      "name": "Voimassaolo päättyy",
      "pressed": undefined,
      "role": "textbox",
      "value": "31.12.2022",
    },
    Object {
      "checked": undefined,
      "children": undefined,
      "name": "Choose date, selected date is 31. joulu 2022",
      "pressed": undefined,
      "role": "button",
      "value": undefined,
    },
    Object {
      "checked": undefined,
      "children": undefined,
      "name": "Toiminnot Tietotekniikkaratkaisut 2, 1.1.2000 - 31.12.2022",
      "pressed": undefined,
      "role": "button",
      "value": undefined,
    },
    Object {
      "checked": undefined,
      "children": undefined,
      "name": "Arvo",
      "pressed": undefined,
      "role": "text",
      "value": undefined,
    },
    Object {
      "checked": undefined,
      "children": undefined,
      "name": "Arvo",
      "pressed": undefined,
      "required": true,
      "role": "textbox",
      "value": "Tietotekniikkaratkaisut 1",
    },
    Object {
      "checked": undefined,
      "children": undefined,
      "name": "Voimassaolo alkaa",
      "pressed": undefined,
      "role": "text",
      "value": undefined,
    },
    Object {
      "checked": undefined,
      "children": undefined,
      "name": "Voimassaolo alkaa",
      "pressed": undefined,
      "required": true,
      "role": "textbox",
      "value": "1.1.1970",
    },
    Object {
      "checked": undefined,
      "children": undefined,
      "name": "Choose date, selected date is 1. tammi 1970",
      "pressed": undefined,
      "role": "button",
      "value": undefined,
    },
    Object {
      "checked": undefined,
      "children": undefined,
      "name": "Voimassaolo päättyy",
      "pressed": undefined,
      "role": "text",
      "value": undefined,
    },
    Object {
      "checked": undefined,
      "children": undefined,
      "name": "Voimassaolo päättyy",
      "pressed": undefined,
      "role": "textbox",
      "value": "31.12.1999",
    },
    Object {
      "checked": undefined,
      "children": undefined,
      "name": "Choose date, selected date is 31. joulu 1999",
      "pressed": undefined,
      "role": "button",
      "value": undefined,
    },
    Object {
      "checked": undefined,
      "children": undefined,
      "name": "Toiminnot Tietotekniikkaratkaisut 1, 1.1.1970 - 31.12.1999",
      "pressed": undefined,
      "role": "button",
      "value": undefined,
    },
    Object {
      "checked": undefined,
      "children": undefined,
      "name": "Ruotsiksi",
      "pressed": undefined,
      "role": "text",
      "value": undefined,
    },
    Object {
      "checked": undefined,
      "children": undefined,
      "name": "Arvo",
      "pressed": undefined,
      "role": "text",
      "value": undefined,
    },
    Object {
      "checked": undefined,
      "children": undefined,
      "name": "Arvo",
      "pressed": undefined,
      "required": true,
      "role": "textbox",
      "value": "Datatekniklösningar",
    },
    Object {
      "checked": undefined,
      "children": undefined,
      "name": "Voimassaolo alkaa",
      "pressed": undefined,
      "role": "text",
      "value": undefined,
    },
    Object {
      "checked": undefined,
      "children": undefined,
      "name": "Voimassaolo alkaa",
      "pressed": undefined,
      "required": true,
      "role": "textbox",
      "value": "1.1.1970",
    },
    Object {
      "checked": undefined,
      "children": undefined,
      "name": "Choose date, selected date is 1. tammi 1970",
      "pressed": undefined,
      "role": "button",
      "value": undefined,
    },
    Object {
      "checked": undefined,
      "children": undefined,
      "name": "Voimassaolo päättyy",
      "pressed": undefined,
      "role": "text",
      "value": undefined,
    },
    Object {
      "checked": undefined,
      "children": undefined,
      "name": "Voimassaolo päättyy",
      "pressed": undefined,
      "role": "textbox",
      "value": undefined,
    },
    Object {
      "checked": undefined,
      "children": undefined,
      "name": "Choose date",
      "pressed": undefined,
      "role": "button",
      "value": undefined,
    },
    Object {
      "checked": undefined,
      "children": undefined,
      "name": "Toiminnot Datatekniklösningar, 1.1.1970 alkaen",
      "pressed": undefined,
      "role": "button",
      "value": undefined,
    },
    Object {
      "checked": undefined,
      "children": undefined,
      "name": "Englanniksi",
      "pressed": undefined,
      "role": "text",
      "value": undefined,
    },
    Object {
      "checked": undefined,
      "children": undefined,
      "name": "Arvo",
      "pressed": undefined,
      "role": "text",
      "value": undefined,
    },
    Object {
      "checked": undefined,
      "children": undefined,
      "name": "Arvo",
      "pressed": undefined,
      "required": true,
      "role": "textbox",
      "value": "IT Solutions 3",
    },
    Object {
      "checked": undefined,
      "children": undefined,
      "name": "Voimassaolo alkaa",
      "pressed": undefined,
      "role": "text",
      "value": undefined,
    },
    Object {
      "checked": undefined,
      "children": undefined,
      "name": "Voimassaolo alkaa",
      "pressed": undefined,
      "required": true,
      "role": "textbox",
      "value": "1.1.2023",
    },
    Object {
      "checked": undefined,
      "children": undefined,
      "name": "Choose date, selected date is 1. tammi 2023",
      "pressed": undefined,
      "role": "button",
      "value": undefined,
    },
    Object {
      "checked": undefined,
      "children": undefined,
      "name": "Voimassaolo päättyy",
      "pressed": undefined,
      "role": "text",
      "value": undefined,
    },
    Object {
      "checked": undefined,
      "children": undefined,
      "name": "Voimassaolo päättyy",
      "pressed": undefined,
      "role": "textbox",
      "value": undefined,
    },
    Object {
      "checked": undefined,
      "children": undefined,
      "name": "Choose date",
      "pressed": undefined,
      "role": "button",
      "value": undefined,
    },
    Object {
      "checked": undefined,
      "children": undefined,
      "name": "Toiminnot IT Solutions 3, 1.1.2023 alkaen",
      "pressed": undefined,
      "role": "button",
      "value": undefined,
    },
    Object {
      "checked": undefined,
      "children": undefined,
      "name": "Arvo",
      "pressed": undefined,
      "role": "text",
      "value": undefined,
    },
    Object {
      "checked": undefined,
      "children": undefined,
      "name": "Arvo",
      "pressed": undefined,
      "required": true,
      "role": "textbox",
      "value": "IT Solutions 2",
    },
    Object {
      "checked": undefined,
      "children": undefined,
      "name": "Voimassaolo alkaa",
      "pressed": undefined,
      "role": "text",
      "value": undefined,
    },
    Object {
      "checked": undefined,
      "children": undefined,
      "name": "Voimassaolo alkaa",
      "pressed": undefined,
      "required": true,
      "role": "textbox",
      "value": "1.1.2000",
    },
    Object {
      "checked": undefined,
      "children": undefined,
      "name": "Choose date, selected date is 1. tammi 2000",
      "pressed": undefined,
      "role": "button",
      "value": undefined,
    },
    Object {
      "checked": undefined,
      "children": undefined,
      "name": "Voimassaolo päättyy",
      "pressed": undefined,
      "role": "text",
      "value": undefined,
    },
    Object {
      "checked": undefined,
      "children": undefined,
      "name": "Voimassaolo päättyy",
      "pressed": undefined,
      "role": "textbox",
      "value": "31.12.2022",
    },
    Object {
      "checked": undefined,
      "children": undefined,
      "name": "Choose date, selected date is 31. joulu 2022",
      "pressed": undefined,
      "role": "button",
      "value": undefined,
    },
    Object {
      "checked": undefined,
      "children": undefined,
      "name": "Toiminnot IT Solutions 2, 1.1.2000 - 31.12.2022",
      "pressed": undefined,
      "role": "button",
      "value": undefined,
    },
    Object {
      "checked": undefined,
      "children": undefined,
      "name": "Arvo",
      "pressed": undefined,
      "role": "text",
      "value": undefined,
    },
    Object {
      "checked": undefined,
      "children": undefined,
      "name": "Arvo",
      "pressed": undefined,
      "required": true,
      "role": "textbox",
      "value": "IT Solutions 1",
    },
    Object {
      "checked": undefined,
      "children": undefined,
      "name": "Voimassaolo alkaa",
      "pressed": undefined,
      "role": "text",
      "value": undefined,
    },
    Object {
      "checked": undefined,
      "children": undefined,
      "name": "Voimassaolo alkaa",
      "pressed": undefined,
      "required": true,
      "role": "textbox",
      "value": "1.1.1970",
    },
    Object {
      "checked": undefined,
      "children": undefined,
      "name": "Choose date, selected date is 1. tammi 1970",
      "pressed": undefined,
      "role": "button",
      "value": undefined,
    },
    Object {
      "checked": undefined,
      "children": undefined,
      "name": "Voimassaolo päättyy",
      "pressed": undefined,
      "role": "text",
      "value": undefined,
    },
    Object {
      "checked": undefined,
      "children": undefined,
      "name": "Voimassaolo päättyy",
      "pressed": undefined,
      "role": "textbox",
      "value": "31.12.1999",
    },
    Object {
      "checked": undefined,
      "children": undefined,
      "name": "Choose date, selected date is 31. joulu 1999",
      "pressed": undefined,
      "role": "button",
      "value": undefined,
    },
    Object {
      "checked": undefined,
      "children": undefined,
      "name": "Toiminnot IT Solutions 1, 1.1.1970 - 31.12.1999",
      "pressed": undefined,
      "role": "button",
      "value": undefined,
    },
    Object {
      "checked": undefined,
      "children": undefined,
      "name": "Peruuta",
      "pressed": undefined,
      "role": "button",
      "value": undefined,
    },
    Object {
      "checked": undefined,
      "children": undefined,
      "name": "Tallenna",
      "pressed": undefined,
      "role": "button",
      "value": undefined,
    },
  ],
  "name": "stories-components-nodedetails-namesection--modified",
  "pressed": undefined,
  "role": "WebArea",
  "value": undefined,
}
`;

exports[`stories/components/nodeDetails/NameSection ShowHistory smoke-test 1`] = `
Object {
  "checked": undefined,
  "children": Array [
    Object {
      "checked": undefined,
      "children": undefined,
      "expanded": true,
      "name": "Nimitiedot",
      "pressed": undefined,
      "role": "button",
      "value": undefined,
    },
    Object {
      "checked": undefined,
      "children": undefined,
      "name": "Muokkaa",
      "pressed": undefined,
      "role": "button",
      "value": undefined,
    },
    Object {
      "checked": undefined,
      "children": undefined,
      "name": "Kieli",
      "pressed": undefined,
      "role": "text",
      "value": undefined,
    },
    Object {
      "checked": undefined,
      "children": undefined,
      "name": "Nimi",
      "pressed": undefined,
      "role": "text",
      "value": undefined,
    },
    Object {
      "checked": undefined,
      "children": undefined,
      "name": "Voimassaolo",
      "pressed": undefined,
      "role": "text",
      "value": undefined,
    },
    Object {
      "checked": undefined,
      "children": undefined,
      "name": "Suomeksi",
      "pressed": undefined,
      "role": "text",
      "value": undefined,
    },
    Object {
      "checked": undefined,
      "children": undefined,
      "name": "Tietotekniikkaratkaisut 3",
      "pressed": undefined,
      "role": "text",
      "value": undefined,
    },
    Object {
      "checked": undefined,
      "children": undefined,
      "name": "1.1.2023 alkaen",
      "pressed": undefined,
      "role": "text",
      "value": undefined,
    },
    Object {
      "checked": undefined,
      "children": undefined,
      "name": "Suomeksi",
      "pressed": undefined,
      "role": "text",
      "value": undefined,
    },
    Object {
      "checked": undefined,
      "children": undefined,
      "name": "Tietotekniikkaratkaisut 2",
      "pressed": undefined,
      "role": "text",
      "value": undefined,
    },
    Object {
      "checked": undefined,
      "children": undefined,
      "name": "1.1.2000 - 31.12.2022",
      "pressed": undefined,
      "role": "text",
      "value": undefined,
    },
    Object {
      "checked": undefined,
      "children": undefined,
      "name": "Suomeksi",
      "pressed": undefined,
      "role": "text",
      "value": undefined,
    },
    Object {
      "checked": undefined,
      "children": undefined,
      "name": "Tietotekniikkaratkaisut 1",
      "pressed": undefined,
      "role": "text",
      "value": undefined,
    },
    Object {
      "checked": undefined,
      "children": undefined,
      "name": "1.1.1970 - 31.12.1999",
      "pressed": undefined,
      "role": "text",
      "value": undefined,
    },
    Object {
      "checked": undefined,
      "children": undefined,
      "name": "Ruotsiksi",
      "pressed": undefined,
      "role": "text",
      "value": undefined,
    },
    Object {
      "checked": undefined,
      "children": undefined,
      "name": "Datatekniklösningar",
      "pressed": undefined,
      "role": "text",
      "value": undefined,
    },
    Object {
      "checked": undefined,
      "children": undefined,
      "name": "1.1.1970 alkaen",
      "pressed": undefined,
      "role": "text",
      "value": undefined,
    },
    Object {
      "checked": undefined,
      "children": undefined,
      "name": "Englanniksi",
      "pressed": undefined,
      "role": "text",
      "value": undefined,
    },
    Object {
      "checked": undefined,
      "children": undefined,
      "name": "IT Solutions 3",
      "pressed": undefined,
      "role": "text",
      "value": undefined,
    },
    Object {
      "checked": undefined,
      "children": undefined,
      "name": "1.1.2023 alkaen",
      "pressed": undefined,
      "role": "text",
      "value": undefined,
    },
    Object {
      "checked": undefined,
      "children": undefined,
      "name": "Englanniksi",
      "pressed": undefined,
      "role": "text",
      "value": undefined,
    },
    Object {
      "checked": undefined,
      "children": undefined,
      "name": "IT Solutions 2",
      "pressed": undefined,
      "role": "text",
      "value": undefined,
    },
    Object {
      "checked": undefined,
      "children": undefined,
      "name": "1.1.2000 - 31.12.2022",
      "pressed": undefined,
      "role": "text",
      "value": undefined,
    },
    Object {
      "checked": undefined,
      "children": undefined,
      "name": "Englanniksi",
      "pressed": undefined,
      "role": "text",
      "value": undefined,
    },
    Object {
      "checked": undefined,
      "children": undefined,
      "name": "IT Solutions 1",
      "pressed": undefined,
      "role": "text",
      "value": undefined,
    },
    Object {
      "checked": undefined,
      "children": undefined,
      "name": "1.1.1970 - 31.12.1999",
      "pressed": undefined,
      "role": "text",
      "value": undefined,
    },
  ],
  "name": "stories-components-nodedetails-namesection--show-history",
  "pressed": undefined,
  "role": "WebArea",
  "value": undefined,
}
`;
