// Jest Snapshot v1, https://goo.gl/fbAQLP

exports[`stories/components/nodeDetails/NameSection Default smoke-test 1`] = `
Object {
  "checked": undefined,
  "children": Array [
    Object {
      "checked": undefined,
      "children": undefined,
      "expanded": true,
      "name": "name_info",
      "pressed": undefined,
      "role": "button",
      "value": undefined,
    },
    Object {
      "checked": undefined,
      "children": undefined,
      "name": "edit_mode_edit_button",
      "pressed": undefined,
      "role": "button",
      "value": undefined,
    },
    Object {
      "checked": undefined,
      "children": undefined,
      "name": "text_language_header",
      "pressed": undefined,
      "role": "text",
      "value": undefined,
    },
    Object {
      "checked": undefined,
      "children": undefined,
      "name": "name",
      "pressed": undefined,
      "role": "text",
      "value": undefined,
    },
    Object {
      "checked": undefined,
      "children": undefined,
      "name": "valid_dates",
      "pressed": undefined,
      "role": "text",
      "value": undefined,
    },
    Object {
      "checked": undefined,
      "children": undefined,
      "name": "name_fi",
      "pressed": undefined,
      "role": "text",
      "value": undefined,
    },
    Object {
      "checked": undefined,
      "children": undefined,
      "name": "Tietotekniikkaratkaisut 3",
      "pressed": undefined,
      "role": "text",
      "value": undefined,
    },
    Object {
      "checked": undefined,
      "children": undefined,
      "name": "1.1.2023 from_date_react",
      "pressed": undefined,
      "role": "text",
      "value": undefined,
    },
    Object {
      "checked": undefined,
      "children": undefined,
      "name": "name_sv",
      "pressed": undefined,
      "role": "text",
      "value": undefined,
    },
    Object {
      "checked": undefined,
      "children": undefined,
      "name": "Datatekniklösningar",
      "pressed": undefined,
      "role": "text",
      "value": undefined,
    },
    Object {
      "checked": undefined,
      "children": undefined,
      "name": "not_specified",
      "pressed": undefined,
      "role": "text",
      "value": undefined,
    },
    Object {
      "checked": undefined,
      "children": undefined,
      "name": "name_en",
      "pressed": undefined,
      "role": "text",
      "value": undefined,
    },
    Object {
      "checked": undefined,
      "children": undefined,
      "name": "IT Solutions 3",
      "pressed": undefined,
      "role": "text",
      "value": undefined,
    },
    Object {
      "checked": undefined,
      "children": undefined,
      "name": "1.1.2023 from_date_react",
      "pressed": undefined,
      "role": "text",
      "value": undefined,
    },
  ],
  "name": "stories-components-nodedetails-namesection--default",
  "pressed": undefined,
  "role": "WebArea",
  "value": undefined,
}
`;

exports[`stories/components/nodeDetails/NameSection EditMode play-test 1`] = `
Object {
  "checked": undefined,
  "children": Array [
    Object {
      "checked": undefined,
      "children": undefined,
      "expanded": true,
      "name": "name_info",
      "pressed": undefined,
      "role": "button",
      "value": undefined,
    },
    Object {
      "checked": undefined,
      "children": undefined,
      "name": "name_fi",
      "pressed": undefined,
      "role": "text",
      "value": undefined,
    },
    Object {
      "checked": undefined,
      "children": undefined,
      "name": "attribute_value",
      "pressed": undefined,
      "role": "text",
      "value": undefined,
    },
    Object {
      "checked": undefined,
      "children": undefined,
      "name": "attribute_value",
      "pressed": undefined,
      "required": true,
      "role": "textbox",
      "value": "Tietotekniikkaratkaisut 3",
    },
    Object {
      "checked": undefined,
      "children": undefined,
      "name": "attribute.validFrom",
      "pressed": undefined,
      "role": "text",
      "value": undefined,
    },
    Object {
      "checked": undefined,
      "children": undefined,
      "name": "attribute.validFrom",
      "pressed": undefined,
      "required": true,
      "role": "textbox",
      "value": "1.1.2023",
    },
    Object {
      "checked": undefined,
      "children": undefined,
      "name": "Choose date, selected date is 1. tammi 2023",
      "pressed": undefined,
      "role": "button",
      "value": undefined,
    },
    Object {
      "checked": undefined,
      "children": undefined,
      "name": "attribute.validUntil",
      "pressed": undefined,
      "role": "text",
      "value": undefined,
    },
    Object {
      "checked": undefined,
      "children": undefined,
      "name": "attribute.validUntil",
      "pressed": undefined,
      "role": "textbox",
      "value": undefined,
    },
    Object {
      "checked": undefined,
      "children": undefined,
      "name": "Choose date",
      "pressed": undefined,
      "role": "button",
      "value": undefined,
    },
    Object {
      "checked": undefined,
      "children": undefined,
      "name": "attribute.actions Tietotekniikkaratkaisut 3, 1.1.2023 from_date_react",
      "pressed": undefined,
      "role": "button",
      "value": undefined,
    },
    Object {
      "checked": undefined,
      "children": undefined,
      "name": "attribute_value",
      "pressed": undefined,
      "role": "text",
      "value": undefined,
    },
    Object {
      "checked": undefined,
      "children": undefined,
      "name": "attribute_value",
      "pressed": undefined,
      "required": true,
      "role": "textbox",
      "value": "Tietotekniikkaratkaisut 2",
    },
    Object {
      "checked": undefined,
      "children": undefined,
      "name": "attribute.validFrom",
      "pressed": undefined,
      "role": "text",
      "value": undefined,
    },
    Object {
      "checked": undefined,
      "children": undefined,
      "name": "attribute.validFrom",
      "pressed": undefined,
      "required": true,
      "role": "textbox",
      "value": "1.1.2000",
    },
    Object {
      "checked": undefined,
      "children": undefined,
      "name": "Choose date, selected date is 1. tammi 2000",
      "pressed": undefined,
      "role": "button",
      "value": undefined,
    },
    Object {
      "checked": undefined,
      "children": undefined,
      "name": "attribute.validUntil",
      "pressed": undefined,
      "role": "text",
      "value": undefined,
    },
    Object {
      "checked": undefined,
      "children": undefined,
      "name": "attribute.validUntil",
      "pressed": undefined,
      "role": "textbox",
      "value": "31.12.2022",
    },
    Object {
      "checked": undefined,
      "children": undefined,
      "name": "Choose date, selected date is 31. joulu 2022",
      "pressed": undefined,
      "role": "button",
      "value": undefined,
    },
    Object {
      "checked": undefined,
      "children": undefined,
      "name": "attribute.actions Tietotekniikkaratkaisut 2, 1.1.2000 - 31.12.2022",
      "pressed": undefined,
      "role": "button",
      "value": undefined,
    },
    Object {
      "checked": undefined,
      "children": undefined,
      "name": "attribute_value",
      "pressed": undefined,
      "role": "text",
      "value": undefined,
    },
    Object {
      "checked": undefined,
      "children": undefined,
      "name": "attribute_value",
      "pressed": undefined,
      "required": true,
      "role": "textbox",
      "value": "Tietotekniikkaratkaisut 1",
    },
    Object {
      "checked": undefined,
      "children": undefined,
      "name": "attribute.validFrom",
      "pressed": undefined,
      "role": "text",
      "value": undefined,
    },
    Object {
      "checked": undefined,
      "children": undefined,
      "name": "attribute.validFrom",
      "pressed": undefined,
      "required": true,
      "role": "textbox",
      "value": undefined,
    },
    Object {
      "checked": undefined,
      "children": undefined,
      "name": "Choose date",
      "pressed": undefined,
      "role": "button",
      "value": undefined,
    },
    Object {
      "checked": undefined,
      "children": undefined,
      "name": "attribute.validUntil",
      "pressed": undefined,
      "role": "text",
      "value": undefined,
    },
    Object {
      "checked": undefined,
      "children": undefined,
      "name": "attribute.validUntil",
      "pressed": undefined,
      "role": "textbox",
      "value": "31.12.1999",
    },
    Object {
      "checked": undefined,
      "children": undefined,
      "name": "Choose date, selected date is 31. joulu 1999",
      "pressed": undefined,
      "role": "button",
      "value": undefined,
    },
    Object {
      "checked": undefined,
      "children": undefined,
      "name": "attribute.actions Tietotekniikkaratkaisut 1, 31.12.1999 until_date_react",
      "pressed": undefined,
      "role": "button",
      "value": undefined,
    },
    Object {
      "checked": undefined,
      "children": undefined,
      "name": "name_sv",
      "pressed": undefined,
      "role": "text",
      "value": undefined,
    },
    Object {
      "checked": undefined,
      "children": undefined,
      "name": "attribute_value",
      "pressed": undefined,
      "role": "text",
      "value": undefined,
    },
    Object {
      "checked": undefined,
      "children": undefined,
      "name": "attribute_value",
      "pressed": undefined,
      "required": true,
      "role": "textbox",
      "value": "Datatekniklösningar",
    },
    Object {
      "checked": undefined,
      "children": undefined,
      "name": "attribute.validFrom",
      "pressed": undefined,
      "role": "text",
      "value": undefined,
    },
    Object {
      "checked": undefined,
      "children": undefined,
      "name": "attribute.validFrom",
      "pressed": undefined,
      "required": true,
      "role": "textbox",
      "value": undefined,
    },
    Object {
      "checked": undefined,
      "children": undefined,
      "name": "Choose date",
      "pressed": undefined,
      "role": "button",
      "value": undefined,
    },
    Object {
      "checked": undefined,
      "children": undefined,
      "name": "attribute.validUntil",
      "pressed": undefined,
      "role": "text",
      "value": undefined,
    },
    Object {
      "checked": undefined,
      "children": undefined,
      "name": "attribute.validUntil",
      "pressed": undefined,
      "role": "textbox",
      "value": undefined,
    },
    Object {
      "checked": undefined,
      "children": undefined,
      "name": "Choose date",
      "pressed": undefined,
      "role": "button",
      "value": undefined,
    },
    Object {
      "checked": undefined,
      "children": undefined,
      "name": "attribute.actions Datatekniklösningar, not_specified",
      "pressed": undefined,
      "role": "button",
      "value": undefined,
    },
    Object {
      "checked": undefined,
      "children": undefined,
      "name": "name_en",
      "pressed": undefined,
      "role": "text",
      "value": undefined,
    },
    Object {
      "checked": undefined,
      "children": undefined,
      "name": "attribute_value",
      "pressed": undefined,
      "role": "text",
      "value": undefined,
    },
    Object {
      "checked": undefined,
      "children": undefined,
      "name": "attribute_value",
      "pressed": undefined,
      "required": true,
      "role": "textbox",
      "value": "IT Solutions 3",
    },
    Object {
      "checked": undefined,
      "children": undefined,
      "name": "attribute.validFrom",
      "pressed": undefined,
      "role": "text",
      "value": undefined,
    },
    Object {
      "checked": undefined,
      "children": undefined,
      "name": "attribute.validFrom",
      "pressed": undefined,
      "required": true,
      "role": "textbox",
      "value": "1.1.2023",
    },
    Object {
      "checked": undefined,
      "children": undefined,
      "name": "Choose date, selected date is 1. tammi 2023",
      "pressed": undefined,
      "role": "button",
      "value": undefined,
    },
    Object {
      "checked": undefined,
      "children": undefined,
      "name": "attribute.validUntil",
      "pressed": undefined,
      "role": "text",
      "value": undefined,
    },
    Object {
      "checked": undefined,
      "children": undefined,
      "name": "attribute.validUntil",
      "pressed": undefined,
      "role": "textbox",
      "value": undefined,
    },
    Object {
      "checked": undefined,
      "children": undefined,
      "name": "Choose date",
      "pressed": undefined,
      "role": "button",
      "value": undefined,
    },
    Object {
      "checked": undefined,
      "children": undefined,
      "name": "attribute.actions IT Solutions 3, 1.1.2023 from_date_react",
      "pressed": undefined,
      "role": "button",
      "value": undefined,
    },
    Object {
      "checked": undefined,
      "children": undefined,
      "name": "attribute_value",
      "pressed": undefined,
      "role": "text",
      "value": undefined,
    },
    Object {
      "checked": undefined,
      "children": undefined,
      "name": "attribute_value",
      "pressed": undefined,
      "required": true,
      "role": "textbox",
      "value": "IT Solutions 2",
    },
    Object {
      "checked": undefined,
      "children": undefined,
      "name": "attribute.validFrom",
      "pressed": undefined,
      "role": "text",
      "value": undefined,
    },
    Object {
      "checked": undefined,
      "children": undefined,
      "name": "attribute.validFrom",
      "pressed": undefined,
      "required": true,
      "role": "textbox",
      "value": "1.1.2000",
    },
    Object {
      "checked": undefined,
      "children": undefined,
      "name": "Choose date, selected date is 1. tammi 2000",
      "pressed": undefined,
      "role": "button",
      "value": undefined,
    },
    Object {
      "checked": undefined,
      "children": undefined,
      "name": "attribute.validUntil",
      "pressed": undefined,
      "role": "text",
      "value": undefined,
    },
    Object {
      "checked": undefined,
      "children": undefined,
      "name": "attribute.validUntil",
      "pressed": undefined,
      "role": "textbox",
      "value": "31.12.2022",
    },
    Object {
      "checked": undefined,
      "children": undefined,
      "name": "Choose date, selected date is 31. joulu 2022",
      "pressed": undefined,
      "role": "button",
      "value": undefined,
    },
    Object {
      "checked": undefined,
      "children": undefined,
      "name": "attribute.actions IT Solutions 2, 1.1.2000 - 31.12.2022",
      "pressed": undefined,
      "role": "button",
      "value": undefined,
    },
    Object {
      "checked": undefined,
      "children": undefined,
      "name": "attribute_value",
      "pressed": undefined,
      "role": "text",
      "value": undefined,
    },
    Object {
      "checked": undefined,
      "children": undefined,
      "name": "attribute_value",
      "pressed": undefined,
      "required": true,
      "role": "textbox",
      "value": "IT Solutions 1",
    },
    Object {
      "checked": undefined,
      "children": undefined,
      "name": "attribute.validFrom",
      "pressed": undefined,
      "role": "text",
      "value": undefined,
    },
    Object {
      "checked": undefined,
      "children": undefined,
      "name": "attribute.validFrom",
      "pressed": undefined,
      "required": true,
      "role": "textbox",
      "value": undefined,
    },
    Object {
      "checked": undefined,
      "children": undefined,
      "name": "Choose date",
      "pressed": undefined,
      "role": "button",
      "value": undefined,
    },
    Object {
      "checked": undefined,
      "children": undefined,
      "name": "attribute.validUntil",
      "pressed": undefined,
      "role": "text",
      "value": undefined,
    },
    Object {
      "checked": undefined,
      "children": undefined,
      "name": "attribute.validUntil",
      "pressed": undefined,
      "role": "textbox",
      "value": "31.12.1999",
    },
    Object {
      "checked": undefined,
      "children": undefined,
      "name": "Choose date, selected date is 31. joulu 1999",
      "pressed": undefined,
      "role": "button",
      "value": undefined,
    },
    Object {
      "checked": undefined,
      "children": undefined,
      "name": "attribute.actions IT Solutions 1, 31.12.1999 until_date_react",
      "pressed": undefined,
      "role": "button",
      "value": undefined,
    },
    Object {
      "checked": undefined,
      "children": undefined,
      "name": "cancel_button",
      "pressed": undefined,
      "role": "button",
      "value": undefined,
    },
    Object {
      "checked": undefined,
      "children": undefined,
      "disabled": true,
      "name": "edit_mode_save_button",
      "pressed": undefined,
      "role": "button",
      "value": undefined,
    },
  ],
  "name": "stories-components-nodedetails-namesection--edit-mode",
  "pressed": undefined,
  "role": "WebArea",
  "value": undefined,
}
`;

exports[`stories/components/nodeDetails/NameSection Empty smoke-test 1`] = `
Object {
  "checked": undefined,
  "children": Array [
    Object {
      "checked": undefined,
      "children": undefined,
      "name": "name_info",
      "pressed": undefined,
      "role": "button",
      "value": undefined,
    },
  ],
  "name": "stories-components-nodedetails-namesection--empty",
  "pressed": undefined,
  "role": "WebArea",
  "value": undefined,
}
`;

exports[`stories/components/nodeDetails/NameSection Modified play-test 1`] = `
Object {
  "checked": undefined,
  "children": Array [
    Object {
      "checked": undefined,
      "children": undefined,
      "disabled": true,
      "expanded": true,
      "name": "name_infoaccordion.modifiedSaveBeforeClosing",
      "pressed": undefined,
      "role": "button",
      "value": undefined,
    },
    Object {
      "checked": undefined,
      "children": undefined,
      "name": "name_fi",
      "pressed": undefined,
      "role": "text",
      "value": undefined,
    },
    Object {
      "checked": undefined,
      "children": undefined,
      "name": "attribute_value",
      "pressed": undefined,
      "role": "text",
      "value": undefined,
    },
    Object {
      "checked": undefined,
      "children": undefined,
      "name": "attribute_value",
      "pressed": undefined,
      "required": true,
      "role": "textbox",
      "value": "Tietotekniikkaratkaisut 3",
    },
    Object {
      "checked": undefined,
      "children": undefined,
      "name": "attribute.validFrom",
      "pressed": undefined,
      "role": "text",
      "value": undefined,
    },
    Object {
      "checked": undefined,
      "children": undefined,
      "name": "attribute.validFrom",
      "pressed": undefined,
      "required": true,
      "role": "textbox",
      "value": "1.1.2023",
    },
    Object {
      "checked": undefined,
      "children": undefined,
      "name": "Choose date, selected date is 1. tammi 2023",
      "pressed": undefined,
      "role": "button",
      "value": undefined,
    },
    Object {
      "checked": undefined,
      "children": undefined,
      "name": "attribute.validUntil",
      "pressed": undefined,
      "role": "text",
      "value": undefined,
    },
    Object {
      "checked": undefined,
      "children": undefined,
      "focused": true,
      "name": "attribute.validUntil",
      "pressed": undefined,
      "role": "textbox",
      "value": "31.12.2023",
    },
    Object {
      "checked": undefined,
      "children": undefined,
      "name": "Choose date, selected date is 31. joulu 2023",
      "pressed": undefined,
      "role": "button",
      "value": undefined,
    },
    Object {
      "checked": undefined,
      "children": undefined,
      "name": "attribute.actions Tietotekniikkaratkaisut 3, 1.1.2023 - 31.12.2023",
      "pressed": undefined,
      "role": "button",
      "value": undefined,
    },
    Object {
      "checked": undefined,
      "children": undefined,
      "name": "attribute_value",
      "pressed": undefined,
      "role": "text",
      "value": undefined,
    },
    Object {
      "checked": undefined,
      "children": undefined,
      "name": "attribute_value",
      "pressed": undefined,
      "required": true,
      "role": "textbox",
      "value": "Tietotekniikkaratkaisut 2",
    },
    Object {
      "checked": undefined,
      "children": undefined,
      "name": "attribute.validFrom",
      "pressed": undefined,
      "role": "text",
      "value": undefined,
    },
    Object {
      "checked": undefined,
      "children": undefined,
      "name": "attribute.validFrom",
      "pressed": undefined,
      "required": true,
      "role": "textbox",
      "value": "1.1.2000",
    },
    Object {
      "checked": undefined,
      "children": undefined,
      "name": "Choose date, selected date is 1. tammi 2000",
      "pressed": undefined,
      "role": "button",
      "value": undefined,
    },
    Object {
      "checked": undefined,
      "children": undefined,
      "name": "attribute.validUntil",
      "pressed": undefined,
      "role": "text",
      "value": undefined,
    },
    Object {
      "checked": undefined,
      "children": undefined,
      "name": "attribute.validUntil",
      "pressed": undefined,
      "role": "textbox",
      "value": "31.12.2022",
    },
    Object {
      "checked": undefined,
      "children": undefined,
      "name": "Choose date, selected date is 31. joulu 2022",
      "pressed": undefined,
      "role": "button",
      "value": undefined,
    },
    Object {
      "checked": undefined,
      "children": undefined,
      "name": "attribute.actions Tietotekniikkaratkaisut 2, 1.1.2000 - 31.12.2022",
      "pressed": undefined,
      "role": "button",
      "value": undefined,
    },
    Object {
      "checked": undefined,
      "children": undefined,
      "name": "attribute_value",
      "pressed": undefined,
      "role": "text",
      "value": undefined,
    },
    Object {
      "checked": undefined,
      "children": undefined,
      "name": "attribute_value",
      "pressed": undefined,
      "required": true,
      "role": "textbox",
      "value": "Tietotekniikkaratkaisut 1",
    },
    Object {
      "checked": undefined,
      "children": undefined,
      "name": "attribute.validFrom",
      "pressed": undefined,
      "role": "text",
      "value": undefined,
    },
    Object {
      "checked": undefined,
      "children": undefined,
      "name": "attribute.validFrom",
      "pressed": undefined,
      "required": true,
      "role": "textbox",
      "value": undefined,
    },
    Object {
      "checked": undefined,
      "children": undefined,
      "name": "Choose date",
      "pressed": undefined,
      "role": "button",
      "value": undefined,
    },
    Object {
      "checked": undefined,
      "children": undefined,
      "name": "attribute.validUntil",
      "pressed": undefined,
      "role": "text",
      "value": undefined,
    },
    Object {
      "checked": undefined,
      "children": undefined,
      "name": "attribute.validUntil",
      "pressed": undefined,
      "role": "textbox",
      "value": "31.12.1999",
    },
    Object {
      "checked": undefined,
      "children": undefined,
      "name": "Choose date, selected date is 31. joulu 1999",
      "pressed": undefined,
      "role": "button",
      "value": undefined,
    },
    Object {
      "checked": undefined,
      "children": undefined,
      "name": "attribute.actions Tietotekniikkaratkaisut 1, 31.12.1999 until_date_react",
      "pressed": undefined,
      "role": "button",
      "value": undefined,
    },
    Object {
      "checked": undefined,
      "children": undefined,
      "name": "name_sv",
      "pressed": undefined,
      "role": "text",
      "value": undefined,
    },
    Object {
      "checked": undefined,
      "children": undefined,
      "name": "attribute_value",
      "pressed": undefined,
      "role": "text",
      "value": undefined,
    },
    Object {
      "checked": undefined,
      "children": undefined,
      "name": "attribute_value",
      "pressed": undefined,
      "required": true,
      "role": "textbox",
      "value": "Datatekniklösningar",
    },
    Object {
      "checked": undefined,
      "children": undefined,
      "name": "attribute.validFrom",
      "pressed": undefined,
      "role": "text",
      "value": undefined,
    },
    Object {
      "checked": undefined,
      "children": undefined,
      "name": "attribute.validFrom",
      "pressed": undefined,
      "required": true,
      "role": "textbox",
      "value": undefined,
    },
    Object {
      "checked": undefined,
      "children": undefined,
      "name": "Choose date",
      "pressed": undefined,
      "role": "button",
      "value": undefined,
    },
    Object {
      "checked": undefined,
      "children": undefined,
      "name": "attribute.validUntil",
      "pressed": undefined,
      "role": "text",
      "value": undefined,
    },
    Object {
      "checked": undefined,
      "children": undefined,
      "name": "attribute.validUntil",
      "pressed": undefined,
      "role": "textbox",
      "value": undefined,
    },
    Object {
      "checked": undefined,
      "children": undefined,
      "name": "Choose date",
      "pressed": undefined,
      "role": "button",
      "value": undefined,
    },
    Object {
      "checked": undefined,
      "children": undefined,
      "name": "attribute.actions Datatekniklösningar, not_specified",
      "pressed": undefined,
      "role": "button",
      "value": undefined,
    },
    Object {
      "checked": undefined,
      "children": undefined,
      "name": "name_en",
      "pressed": undefined,
      "role": "text",
      "value": undefined,
    },
    Object {
      "checked": undefined,
      "children": undefined,
      "name": "attribute_value",
      "pressed": undefined,
      "role": "text",
      "value": undefined,
    },
    Object {
      "checked": undefined,
      "children": undefined,
      "name": "attribute_value",
      "pressed": undefined,
      "required": true,
      "role": "textbox",
      "value": "IT Solutions 3",
    },
    Object {
      "checked": undefined,
      "children": undefined,
      "name": "attribute.validFrom",
      "pressed": undefined,
      "role": "text",
      "value": undefined,
    },
    Object {
      "checked": undefined,
      "children": undefined,
      "name": "attribute.validFrom",
      "pressed": undefined,
      "required": true,
      "role": "textbox",
      "value": "1.1.2023",
    },
    Object {
      "checked": undefined,
      "children": undefined,
      "name": "Choose date, selected date is 1. tammi 2023",
      "pressed": undefined,
      "role": "button",
      "value": undefined,
    },
    Object {
      "checked": undefined,
      "children": undefined,
      "name": "attribute.validUntil",
      "pressed": undefined,
      "role": "text",
      "value": undefined,
    },
    Object {
      "checked": undefined,
      "children": undefined,
      "name": "attribute.validUntil",
      "pressed": undefined,
      "role": "textbox",
      "value": undefined,
    },
    Object {
      "checked": undefined,
      "children": undefined,
      "name": "Choose date",
      "pressed": undefined,
      "role": "button",
      "value": undefined,
    },
    Object {
      "checked": undefined,
      "children": undefined,
      "name": "attribute.actions IT Solutions 3, 1.1.2023 from_date_react",
      "pressed": undefined,
      "role": "button",
      "value": undefined,
    },
    Object {
      "checked": undefined,
      "children": undefined,
      "name": "attribute_value",
      "pressed": undefined,
      "role": "text",
      "value": undefined,
    },
    Object {
      "checked": undefined,
      "children": undefined,
      "name": "attribute_value",
      "pressed": undefined,
      "required": true,
      "role": "textbox",
      "value": "IT Solutions 2",
    },
    Object {
      "checked": undefined,
      "children": undefined,
      "name": "attribute.validFrom",
      "pressed": undefined,
      "role": "text",
      "value": undefined,
    },
    Object {
      "checked": undefined,
      "children": undefined,
      "name": "attribute.validFrom",
      "pressed": undefined,
      "required": true,
      "role": "textbox",
      "value": "1.1.2000",
    },
    Object {
      "checked": undefined,
      "children": undefined,
      "name": "Choose date, selected date is 1. tammi 2000",
      "pressed": undefined,
      "role": "button",
      "value": undefined,
    },
    Object {
      "checked": undefined,
      "children": undefined,
      "name": "attribute.validUntil",
      "pressed": undefined,
      "role": "text",
      "value": undefined,
    },
    Object {
      "checked": undefined,
      "children": undefined,
      "name": "attribute.validUntil",
      "pressed": undefined,
      "role": "textbox",
      "value": "31.12.2022",
    },
    Object {
      "checked": undefined,
      "children": undefined,
      "name": "Choose date, selected date is 31. joulu 2022",
      "pressed": undefined,
      "role": "button",
      "value": undefined,
    },
    Object {
      "checked": undefined,
      "children": undefined,
      "name": "attribute.actions IT Solutions 2, 1.1.2000 - 31.12.2022",
      "pressed": undefined,
      "role": "button",
      "value": undefined,
    },
    Object {
      "checked": undefined,
      "children": undefined,
      "name": "attribute_value",
      "pressed": undefined,
      "role": "text",
      "value": undefined,
    },
    Object {
      "checked": undefined,
      "children": undefined,
      "name": "attribute_value",
      "pressed": undefined,
      "required": true,
      "role": "textbox",
      "value": "IT Solutions 1",
    },
    Object {
      "checked": undefined,
      "children": undefined,
      "name": "attribute.validFrom",
      "pressed": undefined,
      "role": "text",
      "value": undefined,
    },
    Object {
      "checked": undefined,
      "children": undefined,
      "name": "attribute.validFrom",
      "pressed": undefined,
      "required": true,
      "role": "textbox",
      "value": undefined,
    },
    Object {
      "checked": undefined,
      "children": undefined,
      "name": "Choose date",
      "pressed": undefined,
      "role": "button",
      "value": undefined,
    },
    Object {
      "checked": undefined,
      "children": undefined,
      "name": "attribute.validUntil",
      "pressed": undefined,
      "role": "text",
      "value": undefined,
    },
    Object {
      "checked": undefined,
      "children": undefined,
      "name": "attribute.validUntil",
      "pressed": undefined,
      "role": "textbox",
      "value": "31.12.1999",
    },
    Object {
      "checked": undefined,
      "children": undefined,
      "name": "Choose date, selected date is 31. joulu 1999",
      "pressed": undefined,
      "role": "button",
      "value": undefined,
    },
    Object {
      "checked": undefined,
      "children": undefined,
      "name": "attribute.actions IT Solutions 1, 31.12.1999 until_date_react",
      "pressed": undefined,
      "role": "button",
      "value": undefined,
    },
    Object {
      "checked": undefined,
      "children": undefined,
      "name": "cancel_button",
      "pressed": undefined,
      "role": "button",
      "value": undefined,
    },
    Object {
      "checked": undefined,
      "children": undefined,
      "disabled": true,
      "name": "edit_mode_save_button",
      "pressed": undefined,
      "role": "button",
      "value": undefined,
    },
  ],
  "name": "stories-components-nodedetails-namesection--modified",
  "pressed": undefined,
  "role": "WebArea",
  "value": undefined,
}
`;

exports[`stories/components/nodeDetails/NameSection ShowHistory smoke-test 1`] = `
Object {
  "checked": undefined,
  "children": Array [
    Object {
      "checked": undefined,
      "children": undefined,
      "expanded": true,
      "name": "name_info",
      "pressed": undefined,
      "role": "button",
      "value": undefined,
    },
    Object {
      "checked": undefined,
      "children": undefined,
      "name": "edit_mode_edit_button",
      "pressed": undefined,
      "role": "button",
      "value": undefined,
    },
    Object {
      "checked": undefined,
      "children": undefined,
      "name": "text_language_header",
      "pressed": undefined,
      "role": "text",
      "value": undefined,
    },
    Object {
      "checked": undefined,
      "children": undefined,
      "name": "name",
      "pressed": undefined,
      "role": "text",
      "value": undefined,
    },
    Object {
      "checked": undefined,
      "children": undefined,
      "name": "valid_dates",
      "pressed": undefined,
      "role": "text",
      "value": undefined,
    },
    Object {
      "checked": undefined,
      "children": undefined,
      "name": "name_fi",
      "pressed": undefined,
      "role": "text",
      "value": undefined,
    },
    Object {
      "checked": undefined,
      "children": undefined,
      "name": "Tietotekniikkaratkaisut 3",
      "pressed": undefined,
      "role": "text",
      "value": undefined,
    },
    Object {
      "checked": undefined,
      "children": undefined,
      "name": "1.1.2023 from_date_react",
      "pressed": undefined,
      "role": "text",
      "value": undefined,
    },
    Object {
      "checked": undefined,
      "children": undefined,
      "name": "name_fi",
      "pressed": undefined,
      "role": "text",
      "value": undefined,
    },
    Object {
      "checked": undefined,
      "children": undefined,
      "name": "Tietotekniikkaratkaisut 2",
      "pressed": undefined,
      "role": "text",
      "value": undefined,
    },
    Object {
      "checked": undefined,
      "children": undefined,
      "name": "1.1.2000 - 31.12.2022",
      "pressed": undefined,
      "role": "text",
      "value": undefined,
    },
    Object {
      "checked": undefined,
      "children": undefined,
      "name": "name_fi",
      "pressed": undefined,
      "role": "text",
      "value": undefined,
    },
    Object {
      "checked": undefined,
      "children": undefined,
      "name": "Tietotekniikkaratkaisut 1",
      "pressed": undefined,
      "role": "text",
      "value": undefined,
    },
    Object {
      "checked": undefined,
      "children": undefined,
      "name": "31.12.1999 until_date_react",
      "pressed": undefined,
      "role": "text",
      "value": undefined,
    },
    Object {
      "checked": undefined,
      "children": undefined,
      "name": "name_sv",
      "pressed": undefined,
      "role": "text",
      "value": undefined,
    },
    Object {
      "checked": undefined,
      "children": undefined,
      "name": "Datatekniklösningar",
      "pressed": undefined,
      "role": "text",
      "value": undefined,
    },
    Object {
      "checked": undefined,
      "children": undefined,
      "name": "not_specified",
      "pressed": undefined,
      "role": "text",
      "value": undefined,
    },
    Object {
      "checked": undefined,
      "children": undefined,
      "name": "name_en",
      "pressed": undefined,
      "role": "text",
      "value": undefined,
    },
    Object {
      "checked": undefined,
      "children": undefined,
      "name": "IT Solutions 3",
      "pressed": undefined,
      "role": "text",
      "value": undefined,
    },
    Object {
      "checked": undefined,
      "children": undefined,
      "name": "1.1.2023 from_date_react",
      "pressed": undefined,
      "role": "text",
      "value": undefined,
    },
    Object {
      "checked": undefined,
      "children": undefined,
      "name": "name_en",
      "pressed": undefined,
      "role": "text",
      "value": undefined,
    },
    Object {
      "checked": undefined,
      "children": undefined,
      "name": "IT Solutions 2",
      "pressed": undefined,
      "role": "text",
      "value": undefined,
    },
    Object {
      "checked": undefined,
      "children": undefined,
      "name": "1.1.2000 - 31.12.2022",
      "pressed": undefined,
      "role": "text",
      "value": undefined,
    },
    Object {
      "checked": undefined,
      "children": undefined,
      "name": "name_en",
      "pressed": undefined,
      "role": "text",
      "value": undefined,
    },
    Object {
      "checked": undefined,
      "children": undefined,
      "name": "IT Solutions 1",
      "pressed": undefined,
      "role": "text",
      "value": undefined,
    },
    Object {
      "checked": undefined,
      "children": undefined,
      "name": "31.12.1999 until_date_react",
      "pressed": undefined,
      "role": "text",
      "value": undefined,
    },
  ],
  "name": "stories-components-nodedetails-namesection--show-history",
  "pressed": undefined,
  "role": "WebArea",
  "value": undefined,
}
`;
