// Jest Snapshot v1, https://goo.gl/fbAQLP

exports[`stories/components/nodeDetails/NodeDetails2 AdminRole smoke-test 1`] = `
Object {
  "checked": undefined,
  "children": Array [
    Object {
      "checked": undefined,
      "children": undefined,
      "name": "edit_mode_edit_button",
      "pressed": undefined,
      "role": "button",
      "value": undefined,
    },
    Object {
      "checked": false,
      "children": undefined,
      "name": "show_history",
      "pressed": undefined,
      "role": "checkbox",
      "value": undefined,
    },
    Object {
      "checked": undefined,
      "children": undefined,
      "name": "display_date",
      "pressed": undefined,
      "role": "text",
      "value": undefined,
    },
    Object {
      "checked": undefined,
      "children": undefined,
      "name": " ",
      "pressed": undefined,
      "role": "text",
      "value": undefined,
    },
    Object {
      "checked": undefined,
      "children": undefined,
      "name": "29.3.2023",
      "pressed": undefined,
      "role": "text",
      "value": undefined,
    },
    Object {
      "checked": false,
      "children": undefined,
      "name": "show_coming",
      "pressed": undefined,
      "role": "checkbox",
      "value": undefined,
    },
    Object {
      "checked": undefined,
      "children": undefined,
      "level": 2,
      "name": "TIKE, TIETOTEKNIIKKARATKAISUT (TIRA)",
      "pressed": undefined,
      "role": "heading",
      "value": undefined,
    },
    Object {
      "checked": undefined,
      "children": undefined,
      "expanded": true,
      "name": "valid_dates",
      "pressed": undefined,
      "role": "button",
      "value": undefined,
    },
    Object {
      "checked": undefined,
      "children": undefined,
      "name": "not_specified",
      "pressed": undefined,
      "role": "text",
      "value": undefined,
    },
    Object {
      "checked": undefined,
      "children": undefined,
      "expanded": true,
      "name": "name_info",
      "pressed": undefined,
      "role": "button",
      "value": undefined,
    },
    Object {
      "checked": undefined,
      "children": undefined,
      "name": "edit_mode_edit_button",
      "pressed": undefined,
      "role": "button",
      "value": undefined,
    },
    Object {
      "checked": undefined,
      "children": undefined,
      "name": "text_language_header",
      "pressed": undefined,
      "role": "text",
      "value": undefined,
    },
    Object {
      "checked": undefined,
      "children": undefined,
      "name": "name",
      "pressed": undefined,
      "role": "text",
      "value": undefined,
    },
    Object {
      "checked": undefined,
      "children": undefined,
      "name": "valid_dates",
      "pressed": undefined,
      "role": "text",
      "value": undefined,
    },
    Object {
      "checked": undefined,
      "children": undefined,
      "name": "name_sv",
      "pressed": undefined,
      "role": "text",
      "value": undefined,
    },
    Object {
      "checked": undefined,
      "children": undefined,
      "name": "Datatekniklösningar",
      "pressed": undefined,
      "role": "text",
      "value": undefined,
    },
    Object {
      "checked": undefined,
      "children": undefined,
      "name": "not_specified",
      "pressed": undefined,
      "role": "text",
      "value": undefined,
    },
    Object {
      "checked": undefined,
      "children": undefined,
      "expanded": true,
      "name": "display_name_info",
      "pressed": undefined,
      "role": "button",
      "value": undefined,
    },
    Object {
      "checked": undefined,
      "children": undefined,
      "name": "text_language_header",
      "pressed": undefined,
      "role": "text",
      "value": undefined,
    },
    Object {
      "checked": undefined,
      "children": undefined,
      "name": "name",
      "pressed": undefined,
      "role": "text",
      "value": undefined,
    },
    Object {
      "checked": undefined,
      "children": undefined,
      "name": "valid_dates",
      "pressed": undefined,
      "role": "text",
      "value": undefined,
    },
    Object {
      "checked": undefined,
      "children": undefined,
      "name": "name_fi",
      "pressed": undefined,
      "role": "text",
      "value": undefined,
    },
    Object {
      "checked": undefined,
      "children": undefined,
      "name": "TIKE, Tietotekniikkaratkaisut (TIRA)",
      "pressed": undefined,
      "role": "text",
      "value": undefined,
    },
    Object {
      "checked": undefined,
      "children": undefined,
      "name": "not_specified",
      "pressed": undefined,
      "role": "text",
      "value": undefined,
    },
    Object {
      "checked": undefined,
      "children": undefined,
      "name": "name_sv",
      "pressed": undefined,
      "role": "text",
      "value": undefined,
    },
    Object {
      "checked": undefined,
      "children": undefined,
      "name": "TIKE, Datatekniklösningar (TIRA)",
      "pressed": undefined,
      "role": "text",
      "value": undefined,
    },
    Object {
      "checked": undefined,
      "children": undefined,
      "name": "not_specified",
      "pressed": undefined,
      "role": "text",
      "value": undefined,
    },
    Object {
      "checked": undefined,
      "children": undefined,
      "name": "name_en",
      "pressed": undefined,
      "role": "text",
      "value": undefined,
    },
    Object {
      "checked": undefined,
      "children": undefined,
      "name": "TIKE, IT Solutions (TIRA)",
      "pressed": undefined,
      "role": "text",
      "value": undefined,
    },
    Object {
      "checked": undefined,
      "children": undefined,
      "name": "not_specified",
      "pressed": undefined,
      "role": "text",
      "value": undefined,
    },
    Object {
      "checked": undefined,
      "children": undefined,
      "expanded": true,
      "name": "codes",
      "pressed": undefined,
      "role": "button",
      "value": undefined,
    },
    Object {
      "checked": undefined,
      "children": undefined,
      "name": "edit_mode_edit_button",
      "pressed": undefined,
      "role": "button",
      "value": undefined,
    },
    Object {
      "checked": undefined,
      "children": undefined,
      "name": "code_namespace",
      "pressed": undefined,
      "role": "text",
      "value": undefined,
    },
    Object {
      "checked": undefined,
      "children": undefined,
      "name": "value",
      "pressed": undefined,
      "role": "text",
      "value": undefined,
    },
    Object {
      "checked": undefined,
      "children": undefined,
      "name": "valid_dates",
      "pressed": undefined,
      "role": "text",
      "value": undefined,
    },
    Object {
      "checked": undefined,
      "children": undefined,
      "name": "unique_id",
      "pressed": undefined,
      "role": "text",
      "value": undefined,
    },
    Object {
      "checked": undefined,
      "children": undefined,
      "name": "38919588",
      "pressed": undefined,
      "role": "text",
      "value": undefined,
    },
    Object {
      "checked": undefined,
      "children": undefined,
      "name": "not_specified",
      "pressed": undefined,
      "role": "text",
      "value": undefined,
    },
    Object {
      "checked": undefined,
      "children": undefined,
      "name": "lyhenne",
      "pressed": undefined,
      "role": "text",
      "value": undefined,
    },
    Object {
      "checked": undefined,
      "children": undefined,
      "name": "TIRA",
      "pressed": undefined,
      "role": "text",
      "value": undefined,
    },
    Object {
      "checked": undefined,
      "children": undefined,
      "name": "not_specified",
      "pressed": undefined,
      "role": "text",
      "value": undefined,
    },
    Object {
      "checked": undefined,
      "children": undefined,
      "name": "emo_lyhenne",
      "pressed": undefined,
      "role": "text",
      "value": undefined,
    },
    Object {
      "checked": undefined,
      "children": undefined,
      "name": "TIKE",
      "pressed": undefined,
      "role": "text",
      "value": undefined,
    },
    Object {
      "checked": undefined,
      "children": undefined,
      "name": "not_specified",
      "pressed": undefined,
      "role": "text",
      "value": undefined,
    },
    Object {
      "checked": undefined,
      "children": undefined,
      "name": "talous_tunnus",
      "pressed": undefined,
      "role": "text",
      "value": undefined,
    },
    Object {
      "checked": undefined,
      "children": undefined,
      "name": "H9073",
      "pressed": undefined,
      "role": "text",
      "value": undefined,
    },
    Object {
      "checked": undefined,
      "children": undefined,
      "name": "not_specified",
      "pressed": undefined,
      "role": "text",
      "value": undefined,
    },
    Object {
      "checked": undefined,
      "children": undefined,
      "expanded": true,
      "name": "unit_type",
      "pressed": undefined,
      "role": "button",
      "value": undefined,
    },
    Object {
      "checked": undefined,
      "children": undefined,
      "name": "attribute",
      "pressed": undefined,
      "role": "text",
      "value": undefined,
    },
    Object {
      "checked": undefined,
      "children": undefined,
      "name": "value",
      "pressed": undefined,
      "role": "text",
      "value": undefined,
    },
    Object {
      "checked": undefined,
      "children": undefined,
      "name": "valid_dates",
      "pressed": undefined,
      "role": "text",
      "value": undefined,
    },
    Object {
      "checked": undefined,
      "children": undefined,
      "name": "type",
      "pressed": undefined,
      "role": "text",
      "value": undefined,
    },
    Object {
      "checked": undefined,
      "children": undefined,
      "name": "tulosyksikko",
      "pressed": undefined,
      "role": "text",
      "value": undefined,
    },
    Object {
      "checked": undefined,
      "children": undefined,
      "name": "not_specified",
      "pressed": undefined,
      "role": "text",
      "value": undefined,
    },
    Object {
      "checked": undefined,
      "children": undefined,
      "expanded": true,
      "name": "upper_units",
      "pressed": undefined,
      "role": "button",
      "value": undefined,
    },
    Object {
      "checked": undefined,
      "children": undefined,
      "name": "upperUnits.empty",
      "pressed": undefined,
      "role": "text",
      "value": undefined,
    },
    Object {
      "checked": undefined,
      "children": undefined,
      "expanded": true,
      "name": "subunits",
      "pressed": undefined,
      "role": "button",
      "value": undefined,
    },
    Object {
      "checked": undefined,
      "children": undefined,
      "name": "subunits.empty",
      "pressed": undefined,
      "role": "text",
      "value": undefined,
    },
    Object {
      "checked": undefined,
      "children": undefined,
      "expanded": true,
      "name": "predecessors",
      "pressed": undefined,
      "role": "button",
      "value": undefined,
    },
    Object {
      "checked": undefined,
      "children": undefined,
      "name": "predecessors.empty",
      "pressed": undefined,
      "role": "text",
      "value": undefined,
    },
    Object {
      "checked": undefined,
      "children": undefined,
      "expanded": true,
      "name": "successors",
      "pressed": undefined,
      "role": "button",
      "value": undefined,
    },
    Object {
      "checked": undefined,
      "children": undefined,
      "name": "successors.empty",
      "pressed": undefined,
      "role": "text",
      "value": undefined,
    },
    Object {
      "checked": undefined,
      "children": undefined,
      "expanded": true,
      "name": "other_attributes",
      "pressed": undefined,
      "role": "button",
      "value": undefined,
    },
    Object {
      "checked": undefined,
      "children": undefined,
      "name": "attribute",
      "pressed": undefined,
      "role": "text",
      "value": undefined,
    },
    Object {
      "checked": undefined,
      "children": undefined,
      "name": "value",
      "pressed": undefined,
      "role": "text",
      "value": undefined,
    },
    Object {
      "checked": undefined,
      "children": undefined,
      "name": "valid_dates",
      "pressed": undefined,
      "role": "text",
      "value": undefined,
    },
    Object {
      "checked": undefined,
      "children": undefined,
      "name": "publicity",
      "pressed": undefined,
      "role": "text",
      "value": undefined,
    },
    Object {
      "checked": undefined,
      "children": undefined,
      "name": "julkinen",
      "pressed": undefined,
      "role": "text",
      "value": undefined,
    },
    Object {
      "checked": undefined,
      "children": undefined,
      "name": "not_specified",
      "pressed": undefined,
      "role": "text",
      "value": undefined,
    },
  ],
  "name": "stories-components-nodedetails-nodedetails2--admin-role",
  "pressed": undefined,
  "role": "WebArea",
  "value": undefined,
}
`;

exports[`stories/components/nodeDetails/NodeDetails2 ReaderRole smoke-test 1`] = `
Object {
  "checked": undefined,
  "children": Array [
    Object {
      "checked": undefined,
      "children": undefined,
      "level": 2,
      "name": "TIKE, TIETOTEKNIIKKARATKAISUT (TIRA)",
      "pressed": undefined,
      "role": "heading",
      "value": undefined,
    },
    Object {
      "checked": undefined,
      "children": undefined,
      "expanded": true,
      "name": "valid_dates",
      "pressed": undefined,
      "role": "button",
      "value": undefined,
    },
    Object {
      "checked": undefined,
      "children": undefined,
      "name": "not_specified",
      "pressed": undefined,
      "role": "text",
      "value": undefined,
    },
    Object {
      "checked": undefined,
      "children": undefined,
      "expanded": true,
      "name": "name_info",
      "pressed": undefined,
      "role": "button",
      "value": undefined,
    },
    Object {
      "checked": undefined,
      "children": undefined,
      "name": "text_language_header",
      "pressed": undefined,
      "role": "text",
      "value": undefined,
    },
    Object {
      "checked": undefined,
      "children": undefined,
      "name": "name",
      "pressed": undefined,
      "role": "text",
      "value": undefined,
    },
    Object {
      "checked": undefined,
      "children": undefined,
      "name": "valid_dates",
      "pressed": undefined,
      "role": "text",
      "value": undefined,
    },
    Object {
      "checked": undefined,
      "children": undefined,
      "name": "name_sv",
      "pressed": undefined,
      "role": "text",
      "value": undefined,
    },
    Object {
      "checked": undefined,
      "children": undefined,
      "name": "Datatekniklösningar",
      "pressed": undefined,
      "role": "text",
      "value": undefined,
    },
    Object {
      "checked": undefined,
      "children": undefined,
      "name": "not_specified",
      "pressed": undefined,
      "role": "text",
      "value": undefined,
    },
    Object {
      "checked": undefined,
      "children": undefined,
      "expanded": true,
      "name": "display_name_info",
      "pressed": undefined,
      "role": "button",
      "value": undefined,
    },
    Object {
      "checked": undefined,
      "children": undefined,
      "name": "text_language_header",
      "pressed": undefined,
      "role": "text",
      "value": undefined,
    },
    Object {
      "checked": undefined,
      "children": undefined,
      "name": "name",
      "pressed": undefined,
      "role": "text",
      "value": undefined,
    },
    Object {
      "checked": undefined,
      "children": undefined,
      "name": "valid_dates",
      "pressed": undefined,
      "role": "text",
      "value": undefined,
    },
    Object {
      "checked": undefined,
      "children": undefined,
      "name": "name_fi",
      "pressed": undefined,
      "role": "text",
      "value": undefined,
    },
    Object {
      "checked": undefined,
      "children": undefined,
      "name": "TIKE, Tietotekniikkaratkaisut (TIRA)",
      "pressed": undefined,
      "role": "text",
      "value": undefined,
    },
    Object {
      "checked": undefined,
      "children": undefined,
      "name": "not_specified",
      "pressed": undefined,
      "role": "text",
      "value": undefined,
    },
    Object {
      "checked": undefined,
      "children": undefined,
      "name": "name_sv",
      "pressed": undefined,
      "role": "text",
      "value": undefined,
    },
    Object {
      "checked": undefined,
      "children": undefined,
      "name": "TIKE, Datatekniklösningar (TIRA)",
      "pressed": undefined,
      "role": "text",
      "value": undefined,
    },
    Object {
      "checked": undefined,
      "children": undefined,
      "name": "not_specified",
      "pressed": undefined,
      "role": "text",
      "value": undefined,
    },
    Object {
      "checked": undefined,
      "children": undefined,
      "name": "name_en",
      "pressed": undefined,
      "role": "text",
      "value": undefined,
    },
    Object {
      "checked": undefined,
      "children": undefined,
      "name": "TIKE, IT Solutions (TIRA)",
      "pressed": undefined,
      "role": "text",
      "value": undefined,
    },
    Object {
      "checked": undefined,
      "children": undefined,
      "name": "not_specified",
      "pressed": undefined,
      "role": "text",
      "value": undefined,
    },
    Object {
      "checked": undefined,
      "children": undefined,
      "expanded": true,
      "name": "codes",
      "pressed": undefined,
      "role": "button",
      "value": undefined,
    },
    Object {
      "checked": undefined,
      "children": undefined,
      "name": "code_namespace",
      "pressed": undefined,
      "role": "text",
      "value": undefined,
    },
    Object {
      "checked": undefined,
      "children": undefined,
      "name": "value",
      "pressed": undefined,
      "role": "text",
      "value": undefined,
    },
    Object {
      "checked": undefined,
      "children": undefined,
      "name": "valid_dates",
      "pressed": undefined,
      "role": "text",
      "value": undefined,
    },
    Object {
      "checked": undefined,
      "children": undefined,
      "name": "unique_id",
      "pressed": undefined,
      "role": "text",
      "value": undefined,
    },
    Object {
      "checked": undefined,
      "children": undefined,
      "name": "38919588",
      "pressed": undefined,
      "role": "text",
      "value": undefined,
    },
    Object {
      "checked": undefined,
      "children": undefined,
      "name": "not_specified",
      "pressed": undefined,
      "role": "text",
      "value": undefined,
    },
    Object {
      "checked": undefined,
      "children": undefined,
      "name": "lyhenne",
      "pressed": undefined,
      "role": "text",
      "value": undefined,
    },
    Object {
      "checked": undefined,
      "children": undefined,
      "name": "TIRA",
      "pressed": undefined,
      "role": "text",
      "value": undefined,
    },
    Object {
      "checked": undefined,
      "children": undefined,
      "name": "not_specified",
      "pressed": undefined,
      "role": "text",
      "value": undefined,
    },
    Object {
      "checked": undefined,
      "children": undefined,
      "name": "emo_lyhenne",
      "pressed": undefined,
      "role": "text",
      "value": undefined,
    },
    Object {
      "checked": undefined,
      "children": undefined,
      "name": "TIKE",
      "pressed": undefined,
      "role": "text",
      "value": undefined,
    },
    Object {
      "checked": undefined,
      "children": undefined,
      "name": "not_specified",
      "pressed": undefined,
      "role": "text",
      "value": undefined,
    },
    Object {
      "checked": undefined,
      "children": undefined,
      "name": "talous_tunnus",
      "pressed": undefined,
      "role": "text",
      "value": undefined,
    },
    Object {
      "checked": undefined,
      "children": undefined,
      "name": "H9073",
      "pressed": undefined,
      "role": "text",
      "value": undefined,
    },
    Object {
      "checked": undefined,
      "children": undefined,
      "name": "not_specified",
      "pressed": undefined,
      "role": "text",
      "value": undefined,
    },
    Object {
      "checked": undefined,
      "children": undefined,
      "expanded": true,
      "name": "unit_type",
      "pressed": undefined,
      "role": "button",
      "value": undefined,
    },
    Object {
      "checked": undefined,
      "children": undefined,
      "name": "attribute",
      "pressed": undefined,
      "role": "text",
      "value": undefined,
    },
    Object {
      "checked": undefined,
      "children": undefined,
      "name": "value",
      "pressed": undefined,
      "role": "text",
      "value": undefined,
    },
    Object {
      "checked": undefined,
      "children": undefined,
      "name": "valid_dates",
      "pressed": undefined,
      "role": "text",
      "value": undefined,
    },
    Object {
      "checked": undefined,
      "children": undefined,
      "name": "type",
      "pressed": undefined,
      "role": "text",
      "value": undefined,
    },
    Object {
      "checked": undefined,
      "children": undefined,
      "name": "tulosyksikko",
      "pressed": undefined,
      "role": "text",
      "value": undefined,
    },
    Object {
      "checked": undefined,
      "children": undefined,
      "name": "not_specified",
      "pressed": undefined,
      "role": "text",
      "value": undefined,
    },
    Object {
      "checked": undefined,
      "children": undefined,
      "expanded": true,
      "name": "upper_units",
      "pressed": undefined,
      "role": "button",
      "value": undefined,
    },
    Object {
      "checked": undefined,
      "children": undefined,
      "name": "upperUnits.empty",
      "pressed": undefined,
      "role": "text",
      "value": undefined,
    },
    Object {
      "checked": undefined,
      "children": undefined,
      "expanded": true,
      "name": "subunits",
      "pressed": undefined,
      "role": "button",
      "value": undefined,
    },
    Object {
      "checked": undefined,
      "children": undefined,
      "name": "subunits.empty",
      "pressed": undefined,
      "role": "text",
      "value": undefined,
    },
    Object {
      "checked": undefined,
      "children": undefined,
      "expanded": true,
      "name": "predecessors",
      "pressed": undefined,
      "role": "button",
      "value": undefined,
    },
    Object {
      "checked": undefined,
      "children": undefined,
      "name": "predecessors.empty",
      "pressed": undefined,
      "role": "text",
      "value": undefined,
    },
    Object {
      "checked": undefined,
      "children": undefined,
      "expanded": true,
      "name": "successors",
      "pressed": undefined,
      "role": "button",
      "value": undefined,
    },
    Object {
      "checked": undefined,
      "children": undefined,
      "name": "successors.empty",
      "pressed": undefined,
      "role": "text",
      "value": undefined,
    },
    Object {
      "checked": undefined,
      "children": undefined,
      "expanded": true,
      "name": "other_attributes",
      "pressed": undefined,
      "role": "button",
      "value": undefined,
    },
    Object {
      "checked": undefined,
      "children": undefined,
      "name": "attribute",
      "pressed": undefined,
      "role": "text",
      "value": undefined,
    },
    Object {
      "checked": undefined,
      "children": undefined,
      "name": "value",
      "pressed": undefined,
      "role": "text",
      "value": undefined,
    },
    Object {
      "checked": undefined,
      "children": undefined,
      "name": "valid_dates",
      "pressed": undefined,
      "role": "text",
      "value": undefined,
    },
    Object {
      "checked": undefined,
      "children": undefined,
      "name": "publicity",
      "pressed": undefined,
      "role": "text",
      "value": undefined,
    },
    Object {
      "checked": undefined,
      "children": undefined,
      "name": "julkinen",
      "pressed": undefined,
      "role": "text",
      "value": undefined,
    },
    Object {
      "checked": undefined,
      "children": undefined,
      "name": "not_specified",
      "pressed": undefined,
      "role": "text",
      "value": undefined,
    },
  ],
  "name": "stories-components-nodedetails-nodedetails2--reader-role",
  "pressed": undefined,
  "role": "WebArea",
  "value": undefined,
}
`;
