// Jest Snapshot v1, https://goo.gl/fbAQLP

exports[`stories/components/Footer Footer smoke-test 1`] = `
Object {
  "checked": undefined,
  "children": Array [
    Object {
      "checked": undefined,
      "children": undefined,
      "name": "hy_logo",
      "pressed": undefined,
      "role": "img",
      "value": undefined,
    },
    Object {
      "checked": undefined,
      "children": undefined,
      "name": "university_of_helsinki",
      "pressed": undefined,
      "role": "text",
      "value": undefined,
    },
    Object {
      "checked": undefined,
      "children": undefined,
      "name": "hy_address_part1",
      "pressed": undefined,
      "role": "text",
      "value": undefined,
    },
    Object {
      "checked": undefined,
      "children": undefined,
      "name": "
",
      "pressed": undefined,
      "role": "LineBreak",
      "value": undefined,
    },
    Object {
      "checked": undefined,
      "children": undefined,
      "name": "hy_address_part2",
      "pressed": undefined,
      "role": "text",
      "value": undefined,
    },
    Object {
      "checked": undefined,
      "children": undefined,
      "name": "hy_switchboard",
      "pressed": undefined,
      "role": "text",
      "value": undefined,
    },
  ],
  "name": "stories-components-footer--footer",
  "pressed": undefined,
  "role": "WebArea",
  "value": undefined,
}
`;
