// Jest Snapshot v1, https://goo.gl/fbAQLP

exports[`stories/components/Notification Notification smoke-test 1`] = `
Object {
  "checked": undefined,
  "children": Array [
    Object {
      "checked": undefined,
      "children": undefined,
      "name": "Show info",
      "pressed": undefined,
      "role": "button",
      "value": undefined,
    },
    Object {
      "checked": undefined,
      "children": undefined,
      "name": "Show success",
      "pressed": undefined,
      "role": "button",
      "value": undefined,
    },
    Object {
      "checked": undefined,
      "children": undefined,
      "name": "Show warning",
      "pressed": undefined,
      "role": "button",
      "value": undefined,
    },
    Object {
      "checked": undefined,
      "children": undefined,
      "name": "Show error",
      "pressed": undefined,
      "role": "button",
      "value": undefined,
    },
  ],
  "name": "stories-components-notification--notification",
  "pressed": undefined,
  "role": "WebArea",
  "value": undefined,
}
`;
