// Jest Snapshot v1, https://goo.gl/fbAQLP

exports[`stories/components/Tooltip Tooltip smoke-test 1`] = `
Object {
  "checked": undefined,
  "children": Array [
    Object {
      "checked": undefined,
      "children": undefined,
      "name": "Delete",
      "pressed": undefined,
      "role": "button",
      "value": undefined,
    },
  ],
  "name": "stories-components-tooltip--tooltip",
  "pressed": undefined,
  "role": "WebArea",
  "value": undefined,
}
`;
